Archive member included to satisfy reference by file (symbol)

C:\work\workspace_stm\nucleo-f401re_stdperiph_lib\Debug\libnucleo-f401re_stdperiph_lib.a(misc.o)
                              src/timer.o (NVIC_Init)
C:\work\workspace_stm\nucleo-f401re_stdperiph_lib\Debug\libnucleo-f401re_stdperiph_lib.a(stm32f4xx_gpio.o)
                              src/fv_i2c.o (GPIO_Init)
C:\work\workspace_stm\nucleo-f401re_stdperiph_lib\Debug\libnucleo-f401re_stdperiph_lib.a(stm32f4xx_i2c.o)
                              src/fv_i2c.o (I2C_Init)
C:\work\workspace_stm\nucleo-f401re_stdperiph_lib\Debug\libnucleo-f401re_stdperiph_lib.a(stm32f4xx_rcc.o)
                              src/test.o (RCC_GetClocksFreq)
C:\work\workspace_stm\nucleo-f401re_stdperiph_lib\Debug\libnucleo-f401re_stdperiph_lib.a(stm32f4xx_tim.o)
                              src/timer.o (TIM_TimeBaseInit)
C:\work\workspace_stm\nucleo-f401re_stdperiph_lib\Debug\libnucleo-f401re_stdperiph_lib.a(stm32f4xx_usart.o)
                              src/uart.o (USART_Init)
c:/ac6/systemworkbench/plugins/fr.ac6.mcu.externaltools.arm-none.win32_1.17.0.201812190825/tools/compiler/bin/../lib/gcc/arm-none-eabi/7.3.1/../../../../arm-none-eabi/lib/thumb/v7e-m/fpv4-sp/hard\libc.a(lib_a-errno.o)
                              src/syscalls.o (__errno)
c:/ac6/systemworkbench/plugins/fr.ac6.mcu.externaltools.arm-none.win32_1.17.0.201812190825/tools/compiler/bin/../lib/gcc/arm-none-eabi/7.3.1/../../../../arm-none-eabi/lib/thumb/v7e-m/fpv4-sp/hard\libc.a(lib_a-exit.o)
                              c:/ac6/systemworkbench/plugins/fr.ac6.mcu.externaltools.arm-none.win32_1.17.0.201812190825/tools/compiler/bin/../lib/gcc/arm-none-eabi/7.3.1/../../../../arm-none-eabi/lib/thumb/v7e-m/fpv4-sp/hard/crt0.o (exit)
c:/ac6/systemworkbench/plugins/fr.ac6.mcu.externaltools.arm-none.win32_1.17.0.201812190825/tools/compiler/bin/../lib/gcc/arm-none-eabi/7.3.1/../../../../arm-none-eabi/lib/thumb/v7e-m/fpv4-sp/hard\libc.a(lib_a-impure.o)
                              c:/ac6/systemworkbench/plugins/fr.ac6.mcu.externaltools.arm-none.win32_1.17.0.201812190825/tools/compiler/bin/../lib/gcc/arm-none-eabi/7.3.1/../../../../arm-none-eabi/lib/thumb/v7e-m/fpv4-sp/hard\libc.a(lib_a-exit.o) (_global_impure_ptr)
c:/ac6/systemworkbench/plugins/fr.ac6.mcu.externaltools.arm-none.win32_1.17.0.201812190825/tools/compiler/bin/../lib/gcc/arm-none-eabi/7.3.1/../../../../arm-none-eabi/lib/thumb/v7e-m/fpv4-sp/hard\libc.a(lib_a-init.o)
                              c:/ac6/systemworkbench/plugins/fr.ac6.mcu.externaltools.arm-none.win32_1.17.0.201812190825/tools/compiler/bin/../lib/gcc/arm-none-eabi/7.3.1/../../../../arm-none-eabi/lib/thumb/v7e-m/fpv4-sp/hard/crt0.o (__libc_init_array)
c:/ac6/systemworkbench/plugins/fr.ac6.mcu.externaltools.arm-none.win32_1.17.0.201812190825/tools/compiler/bin/../lib/gcc/arm-none-eabi/7.3.1/../../../../arm-none-eabi/lib/thumb/v7e-m/fpv4-sp/hard\libc.a(lib_a-memset.o)
                              c:/ac6/systemworkbench/plugins/fr.ac6.mcu.externaltools.arm-none.win32_1.17.0.201812190825/tools/compiler/bin/../lib/gcc/arm-none-eabi/7.3.1/../../../../arm-none-eabi/lib/thumb/v7e-m/fpv4-sp/hard/crt0.o (memset)
c:/ac6/systemworkbench/plugins/fr.ac6.mcu.externaltools.arm-none.win32_1.17.0.201812190825/tools/compiler/bin/../lib/gcc/arm-none-eabi/7.3.1/../../../../arm-none-eabi/lib/thumb/v7e-m/fpv4-sp/hard\libc.a(lib_a-__call_atexit.o)
                              c:/ac6/systemworkbench/plugins/fr.ac6.mcu.externaltools.arm-none.win32_1.17.0.201812190825/tools/compiler/bin/../lib/gcc/arm-none-eabi/7.3.1/../../../../arm-none-eabi/lib/thumb/v7e-m/fpv4-sp/hard\libc.a(lib_a-exit.o) (__call_exitprocs)
c:/ac6/systemworkbench/plugins/fr.ac6.mcu.externaltools.arm-none.win32_1.17.0.201812190825/tools/compiler/bin/../lib/gcc/arm-none-eabi/7.3.1/../../../../arm-none-eabi/lib/thumb/v7e-m/fpv4-sp/hard\libc.a(lib_a-atexit.o)
                              c:/ac6/systemworkbench/plugins/fr.ac6.mcu.externaltools.arm-none.win32_1.17.0.201812190825/tools/compiler/bin/../lib/gcc/arm-none-eabi/7.3.1/../../../../arm-none-eabi/lib/thumb/v7e-m/fpv4-sp/hard\libc.a(lib_a-__call_atexit.o) (atexit)
c:/ac6/systemworkbench/plugins/fr.ac6.mcu.externaltools.arm-none.win32_1.17.0.201812190825/tools/compiler/bin/../lib/gcc/arm-none-eabi/7.3.1/../../../../arm-none-eabi/lib/thumb/v7e-m/fpv4-sp/hard\libc.a(lib_a-fini.o)
                              c:/ac6/systemworkbench/plugins/fr.ac6.mcu.externaltools.arm-none.win32_1.17.0.201812190825/tools/compiler/bin/../lib/gcc/arm-none-eabi/7.3.1/../../../../arm-none-eabi/lib/thumb/v7e-m/fpv4-sp/hard\libc.a(lib_a-__call_atexit.o) (__libc_fini_array)
c:/ac6/systemworkbench/plugins/fr.ac6.mcu.externaltools.arm-none.win32_1.17.0.201812190825/tools/compiler/bin/../lib/gcc/arm-none-eabi/7.3.1/../../../../arm-none-eabi/lib/thumb/v7e-m/fpv4-sp/hard\libc.a(lib_a-lock.o)
[...]
Memory Configuration

Name             Origin             Length             Attributes
FLASH            0x08000000         0x00080000         xr
RAM              0x20000000         0x00018000         xrw
*default*        0x00000000         0xffffffff

Linker script and memory map

LOAD c:/ac6/systemworkbench/plugins/fr.ac6.mcu.externaltools.arm-none.win32_1.17.0.201812190825/tools/compiler/bin/../lib/gcc/arm-none-eabi/7.3.1/thumb/v7e-m/fpv4-sp/hard/crti.o
LOAD c:/ac6/systemworkbench/plugins/fr.ac6.mcu.externaltools.arm-none.win32_1.17.0.201812190825/tools/compiler/bin/../lib/gcc/arm-none-eabi/7.3.1/thumb/v7e-m/fpv4-sp/hard/crtbegin.o
LOAD c:/ac6/systemworkbench/plugins/fr.ac6.mcu.externaltools.arm-none.win32_1.17.0.201812190825/tools/compiler/bin/../lib/gcc/arm-none-eabi/7.3.1/../../../../arm-none-eabi/lib/thumb/v7e-m/fpv4-sp/hard/crt0.o
LOAD src/fv_i2c.o
LOAD src/led_matrix.o
LOAD src/main.o
LOAD src/mcp23017.o
LOAD src/syscalls.o
LOAD src/system_stm32f4xx.o
LOAD src/test.o
LOAD src/timer.o
LOAD src/uart.o
LOAD startup/startup_stm32f401xx.o
LOAD C:\work\workspace_stm\nucleo-f401re_stdperiph_lib\Debug\libnucleo-f401re_stdperiph_lib.a
LOAD c:/ac6/systemworkbench/plugins/fr.ac6.mcu.externaltools.arm-none.win32_1.17.0.201812190825/tools/compiler/bin/../lib/gcc/arm-none-eabi/7.3.1/../../../../arm-none-eabi/lib/thumb/v7e-m/fpv4-sp/hard\libm.a
START GROUP
LOAD c:/ac6/systemworkbench/plugins/fr.ac6.mcu.externaltools.arm-none.win32_1.17.0.201812190825/tools/compiler/bin/../lib/gcc/arm-none-eabi/7.3.1/thumb/v7e-m/fpv4-sp/hard\libgcc.a
LOAD c:/ac6/systemworkbench/plugins/fr.ac6.mcu.externaltools.arm-none.win32_1.17.0.201812190825/tools/compiler/bin/../lib/gcc/arm-none-eabi/7.3.1/../../../../arm-none-eabi/lib/thumb/v7e-m/fpv4-sp/hard\libc.a
END GROUP
LOAD c:/ac6/systemworkbench/plugins/fr.ac6.mcu.externaltools.arm-none.win32_1.17.0.201812190825/tools/compiler/bin/../lib/gcc/arm-none-eabi/7.3.1/thumb/v7e-m/fpv4-sp/hard/crtend.o
LOAD c:/ac6/systemworkbench/plugins/fr.ac6.mcu.externaltools.arm-none.win32_1.17.0.201812190825/tools/compiler/bin/../lib/gcc/arm-none-eabi/7.3.1/thumb/v7e-m/fpv4-sp/hard/crtn.o
                0x20018000                _estack = 0x20018000
                0x00000200                _Min_Heap_Size = 0x200
                0x00000400                _Min_Stack_Size = 0x400

.isr_vector     0x08000000      0x194
                0x08000000                . = ALIGN (0x4)
 *(.isr_vector)
 .isr_vector    0x08000000      0x194 startup/startup_stm32f401xx.o
                0x08000000                g_pfnVectors
                0x08000194                . = ALIGN (0x4)

.text           0x08000194     0x1b70
                0x08000194                . = ALIGN (0x4)
 *(.text)
 .text          0x08000194       0x40 c:/ac6/systemworkbench/plugins/fr.ac6.mcu.externaltools.arm-none.win32_1.17.0.201812190825/tools/compiler/bin/../lib/gcc/arm-none-eabi/7.3.1/thumb/v7e-m/fpv4-sp/hard/crtbegin.o
 *(.text*)
 .text.I2C_fv_init
                0x080001d4       0xf0 src/fv_i2c.o
                0x080001d4                I2C_fv_init
 .text.I2C_write_nbyte
                0x080002c4      0x1e4 src/fv_i2c.o
                0x080002c4                I2C_write_nbyte
 .text.LedMatrix_advanceColumn
                0x080004a8       0x2c src/led_matrix.o
                0x080004a8                LedMatrix_advanceColumn
 .text.LedMatrix_setRow
                0x080004d4       0x30 src/led_matrix.o
                0x080004d4                LedMatrix_setRow
 .text.LedMatrix_getColumn
                0x08000504       0x20 src/led_matrix.o
                0x08000504                LedMatrix_getColumn
 .text.LedMatrix_getValue
                0x08000524       0x20 src/led_matrix.o
                0x08000524                LedMatrix_getValue
 .text.LedMatrix_writeNumber
                0x08000544      0x31c src/led_matrix.o
                0x08000544                LedMatrix_writeNumber
 .text.main     0x08000860       0xc0 src/main.o
                0x08000860                main
 .text.SysTick_Handler
                0x08000920       0x4c src/main.o
                0x08000920                SysTick_Handler
 .text._handleChaneData
                0x0800096c       0x3c src/main.o
 .text.Mcp_setInit
                0x080009a8       0xf8 src/mcp23017.o
                0x080009a8                Mcp_setInit
 .text.Mcp_writeToOutputA
                0x08000aa0       0x48 src/mcp23017.o
                0x08000aa0                Mcp_writeToOutputA
 .text.Mcp_writeToOutputB
                0x08000ae8       0x48 src/mcp23017.o
                0x08000ae8                Mcp_writeToOutputB
 .text.SystemInit
                0x08000b30       0x6c src/system_stm32f4xx.o
                0x08000b30                SystemInit
 .text.SetSysClock
                0x08000b9c       0xf4 src/system_stm32f4xx.o
 .text.NVIC_SetPriority
                0x08000c90       0x54 src/test.o
 .text.SysTick_Config
                0x08000ce4       0x44 src/test.o
 .text.initLed  0x08000d28       0x40 src/test.o
                0x08000d28                initLed
 .text.setSysTick
                0x08000d68       0x30 src/test.o
                0x08000d68                setSysTick
 .text.NVIC_EnableIRQ
                0x08000d98       0x34 src/timer.o
 .text.TIM2_Configuration
                0x08000dcc       0x70 src/timer.o
                0x08000dcc                TIM2_Configuration
 .text.NVIC_Configuration
                0x08000e3c       0x36 src/timer.o
 *fill*         0x08000e72        0x2 
 .text.TIM2_IRQHandler
                0x08000e74       0x2c src/timer.o
                0x08000e74                TIM2_IRQHandler
 .text.TIM5_IRQHandler
                0x08000ea0       0x24 src/timer.o
                0x08000ea0                TIM5_IRQHandler
 .text.USART2_IRQHandler
                0x08000ec4       0x54 src/uart.o
                0x08000ec4                USART2_IRQHandler
 .text.Reset_Handler
                0x08000f18       0x48 startup/startup_stm32f401xx.o
                0x08000f18                Reset_Handler
 .text.Default_Handler
                0x08000f60        0x2 startup/startup_stm32f401xx.o
                0x08000f60                RTC_Alarm_IRQHandler
                0x08000f60                EXTI2_IRQHandler
                0x08000f60                DebugMon_Handler
                0x08000f60                SPI4_IRQHandler
                0x08000f60                TIM1_CC_IRQHandler
                0x08000f60                DMA2_Stream5_IRQHandler
                0x08000f60                HardFault_Handler
                0x08000f60                DMA1_Stream5_IRQHandler
                0x08000f60                PVD_IRQHandler
                0x08000f60                SDIO_IRQHandler
                0x08000f60                TAMP_STAMP_IRQHandler
                0x08000f60                PendSV_Handler
                0x08000f60                NMI_Handler
                0x08000f60                EXTI3_IRQHandler
                0x08000f60                TIM1_UP_TIM10_IRQHandler
                0x08000f60                I2C3_ER_IRQHandler
                0x08000f60                EXTI0_IRQHandler
                0x08000f60                I2C2_EV_IRQHandler
                0x08000f60                DMA1_Stream2_IRQHandler
                0x08000f60                FPU_IRQHandler
                0x08000f60                UsageFault_Handler
                0x08000f60                DMA2_Stream2_IRQHandler
                0x08000f60                SPI1_IRQHandler
                0x08000f60                TIM1_BRK_TIM9_IRQHandler
                0x08000f60                DMA2_Stream3_IRQHandler
                0x08000f60                USART6_IRQHandler
                0x08000f60                DMA2_Stream0_IRQHandler
                0x08000f60                TIM4_IRQHandler
                0x08000f60                I2C1_EV_IRQHandler
                0x08000f60                DMA1_Stream6_IRQHandler
                0x08000f60                DMA1_Stream1_IRQHandler
                0x08000f60                TIM3_IRQHandler
                0x08000f60                RCC_IRQHandler
                0x08000f60                Default_Handler
                0x08000f60                EXTI15_10_IRQHandler
                0x08000f60                ADC_IRQHandler
                0x08000f60                DMA1_Stream7_IRQHandler
                0x08000f60                DMA2_Stream7_IRQHandler
                0x08000f60                I2C3_EV_IRQHandler
                0x08000f60                EXTI9_5_IRQHandler
                0x08000f60                RTC_WKUP_IRQHandler
                0x08000f60                SPI2_IRQHandler
                0x08000f60                MemManage_Handler
                0x08000f60                DMA1_Stream0_IRQHandler
                0x08000f60                SVC_Handler
                0x08000f60                EXTI4_IRQHandler
                0x08000f60                WWDG_IRQHandler
                0x08000f60                OTG_FS_WKUP_IRQHandler
                0x08000f60                TIM1_TRG_COM_TIM11_IRQHandler
                0x08000f60                EXTI1_IRQHandler
                0x08000f60                I2C2_ER_IRQHandler
                0x08000f60                DMA2_Stream1_IRQHandler
                0x08000f60                FLASH_IRQHandler
                0x08000f60                DMA2_Stream4_IRQHandler
                0x08000f60                BusFault_Handler
                0x08000f60                USART1_IRQHandler
                0x08000f60                OTG_FS_IRQHandler
                0x08000f60                SPI3_IRQHandler
                0x08000f60                DMA1_Stream4_IRQHandler
                0x08000f60                I2C1_ER_IRQHandler
                0x08000f60                DMA2_Stream6_IRQHandler
                0x08000f60                DMA1_Stream3_IRQHandler
 *fill*         0x08000f62        0x2 
 .text.NVIC_Init
                0x08000f64       0xc4 C:\work\workspace_stm\nucleo-f401re_stdperiph_lib\Debug\libnucleo-f401re_stdperiph_lib.a(misc.o)
                0x08000f64                NVIC_Init
 .text.GPIO_Init
                0x08001028      0x11c C:\work\workspace_stm\nucleo-f401re_stdperiph_lib\Debug\libnucleo-f401re_stdperiph_lib.a(stm32f4xx_gpio.o)
                0x08001028                GPIO_Init
 .text.GPIO_StructInit
                0x08001144       0x34 C:\work\workspace_stm\nucleo-f401re_stdperiph_lib\Debug\libnucleo-f401re_stdperiph_lib.a(stm32f4xx_gpio.o)
                0x08001144                GPIO_StructInit
 .text.GPIO_WriteBit
                0x08001178       0x30 C:\work\workspace_stm\nucleo-f401re_stdperiph_lib\Debug\libnucleo-f401re_stdperiph_lib.a(stm32f4xx_gpio.o)
                0x08001178                GPIO_WriteBit
 .text.GPIO_ToggleBits
                0x080011a8       0x24 C:\work\workspace_stm\nucleo-f401re_stdperiph_lib\Debug\libnucleo-f401re_stdperiph_lib.a(stm32f4xx_gpio.o)
                0x080011a8                GPIO_ToggleBits
 .text.GPIO_PinAFConfig
                0x080011cc       0x92 C:\work\workspace_stm\nucleo-f401re_stdperiph_lib\Debug\libnucleo-f401re_stdperiph_lib.a(stm32f4xx_gpio.o)
                0x080011cc                GPIO_PinAFConfig
 *fill*         0x0800125e        0x2 
 .text.I2C_Init
                0x08001260      0x184 C:\work\workspace_stm\nucleo-f401re_stdperiph_lib\Debug\libnucleo-f401re_stdperiph_lib.a(stm32f4xx_i2c.o)
                0x08001260                I2C_Init
 .text.I2C_StructInit
                0x080013e4       0x3e C:\work\workspace_stm\nucleo-f401re_stdperiph_lib\Debug\libnucleo-f401re_stdperiph_lib.a(stm32f4xx_i2c.o)
                0x080013e4                I2C_StructInit
 .text.I2C_Cmd  0x08001422       0x40 C:\work\workspace_stm\nucleo-f401re_stdperiph_lib\Debug\libnucleo-f401re_stdperiph_lib.a(stm32f4xx_i2c.o)
                0x08001422                I2C_Cmd
 .text.I2C_GenerateSTART
                0x08001462       0x40 C:\work\workspace_stm\nucleo-f401re_stdperiph_lib\Debug\libnucleo-f401re_stdperiph_lib.a(stm32f4xx_i2c.o)
                0x08001462                I2C_GenerateSTART
 .text.I2C_GenerateSTOP
                0x080014a2       0x40 C:\work\workspace_stm\nucleo-f401re_stdperiph_lib\Debug\libnucleo-f401re_stdperiph_lib.a(stm32f4xx_i2c.o)
                0x080014a2                I2C_GenerateSTOP
 .text.I2C_Send7bitAddress
                0x080014e2       0x3c C:\work\workspace_stm\nucleo-f401re_stdperiph_lib\Debug\libnucleo-f401re_stdperiph_lib.a(stm32f4xx_i2c.o)
                0x080014e2                I2C_Send7bitAddress
 .text.I2C_AcknowledgeConfig
                0x0800151e       0x40 C:\work\workspace_stm\nucleo-f401re_stdperiph_lib\Debug\libnucleo-f401re_stdperiph_lib.a(stm32f4xx_i2c.o)
                0x0800151e                I2C_AcknowledgeConfig
 .text.I2C_SendData
                0x0800155e       0x20 C:\work\workspace_stm\nucleo-f401re_stdperiph_lib\Debug\libnucleo-f401re_stdperiph_lib.a(stm32f4xx_i2c.o)
                0x0800155e                I2C_SendData
 .text.I2C_CheckEvent
                0x0800157e       0x60 C:\work\workspace_stm\nucleo-f401re_stdperiph_lib\Debug\libnucleo-f401re_stdperiph_lib.a(stm32f4xx_i2c.o)
                0x0800157e                I2C_CheckEvent
 .text.I2C_GetFlagStatus
                0x080015de       0x66 C:\work\workspace_stm\nucleo-f401re_stdperiph_lib\Debug\libnucleo-f401re_stdperiph_lib.a(stm32f4xx_i2c.o)
                0x080015de                I2C_GetFlagStatus
 .text.RCC_GetClocksFreq
                0x08001644      0x150 C:\work\workspace_stm\nucleo-f401re_stdperiph_lib\Debug\libnucleo-f401re_stdperiph_lib.a(stm32f4xx_rcc.o)
                0x08001644                RCC_GetClocksFreq
 .text.RCC_AHB1PeriphClockCmd
                0x08001794       0x40 C:\work\workspace_stm\nucleo-f401re_stdperiph_lib\Debug\libnucleo-f401re_stdperiph_lib.a(stm32f4xx_rcc.o)
                0x08001794                RCC_AHB1PeriphClockCmd
 .text.RCC_APB1PeriphClockCmd
                0x080017d4       0x40 C:\work\workspace_stm\nucleo-f401re_stdperiph_lib\Debug\libnucleo-f401re_stdperiph_lib.a(stm32f4xx_rcc.o)
                0x080017d4                RCC_APB1PeriphClockCmd
 .text.TIM_TimeBaseInit
                0x08001814       0xd8 C:\work\workspace_stm\nucleo-f401re_stdperiph_lib\Debug\libnucleo-f401re_stdperiph_lib.a(stm32f4xx_tim.o)
                0x08001814                TIM_TimeBaseInit
 .text.TIM_TimeBaseStructInit
                0x080018ec       0x34 C:\work\workspace_stm\nucleo-f401re_stdperiph_lib\Debug\libnucleo-f401re_stdperiph_lib.a(stm32f4xx_tim.o)
                0x080018ec                TIM_TimeBaseStructInit
 .text.TIM_Cmd  0x08001920       0x40 C:\work\workspace_stm\nucleo-f401re_stdperiph_lib\Debug\libnucleo-f401re_stdperiph_lib.a(stm32f4xx_tim.o)
                0x08001920                TIM_Cmd
 .text.TIM_ITConfig
                0x08001960       0x48 C:\work\workspace_stm\nucleo-f401re_stdperiph_lib\Debug\libnucleo-f401re_stdperiph_lib.a(stm32f4xx_tim.o)
                0x08001960                TIM_ITConfig
 .text.TIM_GetITStatus
                0x080019a8       0x54 C:\work\workspace_stm\nucleo-f401re_stdperiph_lib\Debug\libnucleo-f401re_stdperiph_lib.a(stm32f4xx_tim.o)
                0x080019a8                TIM_GetITStatus
 .text.TIM_ClearITPendingBit
                0x080019fc       0x22 C:\work\workspace_stm\nucleo-f401re_stdperiph_lib\Debug\libnucleo-f401re_stdperiph_lib.a(stm32f4xx_tim.o)
                0x080019fc                TIM_ClearITPendingBit
 .text.USART_ReceiveData
                0x08001a1e       0x20 C:\work\workspace_stm\nucleo-f401re_stdperiph_lib\Debug\libnucleo-f401re_stdperiph_lib.a(stm32f4xx_usart.o)
                0x08001a1e                USART_ReceiveData
 .text.USART_GetITStatus
                0x08001a3e       0xb6 C:\work\workspace_stm\nucleo-f401re_stdperiph_lib\Debug\libnucleo-f401re_stdperiph_lib.a(stm32f4xx_usart.o)
                0x08001a3e                USART_GetITStatus
 .text.__libc_init_array
                0x08001af4       0x48 c:/ac6/systemworkbench/plugins/fr.ac6.mcu.externaltools.arm-none.win32_1.17.0.201812190825/tools/compiler/bin/../lib/gcc/arm-none-eabi/7.3.1/../../../../arm-none-eabi/lib/thumb/v7e-m/fpv4-sp/hard\libc.a(lib_a-init.o)
                0x08001af4                __libc_init_array
 .text.memset   0x08001b3c       0x94 c:/ac6/systemworkbench/plugins/fr.ac6.mcu.externaltools.arm-none.win32_1.17.0.201812190825/tools/compiler/bin/../lib/gcc/arm-none-eabi/7.3.1/../../../../arm-none-eabi/lib/thumb/v7e-m/fpv4-sp/hard\libc.a(lib_a-memset.o)
                0x08001b3c                memset
 .text.startup.register_fini
                0x08001bd0       0x14 c:/ac6/systemworkbench/plugins/fr.ac6.mcu.externaltools.arm-none.win32_1.17.0.201812190825/tools/compiler/bin/../lib/gcc/arm-none-eabi/7.3.1/../../../../arm-none-eabi/lib/thumb/v7e-m/fpv4-sp/hard\libc.a(lib_a-__call_atexit.o)
 .text.atexit   0x08001be4        0xc c:/ac6/systemworkbench/plugins/fr.ac6.mcu.externaltools.arm-none.win32_1.17.0.201812190825/tools/compiler/bin/../lib/gcc/arm-none-eabi/7.3.1/../../../../arm-none-eabi/lib/thumb/v7e-m/fpv4-sp/hard\libc.a(lib_a-atexit.o)
                0x08001be4                atexit
 .text.__libc_fini_array
                0x08001bf0       0x34 c:/ac6/systemworkbench/plugins/fr.ac6.mcu.externaltools.arm-none.win32_1.17.0.201812190825/tools/compiler/bin/../lib/gcc/arm-none-eabi/7.3.1/../../../../arm-none-eabi/lib/thumb/v7e-m/fpv4-sp/hard\libc.a(lib_a-fini.o)
                0x08001bf0                __libc_fini_array
 .text.__retarget_lock_acquire_recursive
                0x08001c24        0x4 c:/ac6/systemworkbench/plugins/fr.ac6.mcu.externaltools.arm-none.win32_1.17.0.201812190825/tools/compiler/bin/../lib/gcc/arm-none-eabi/7.3.1/../../../../arm-none-eabi/lib/thumb/v7e-m/fpv4-sp/hard\libc.a(lib_a-lock.o)
                0x08001c24                __retarget_lock_acquire_recursive
 .text.__retarget_lock_release_recursive
                0x08001c28        0x4 c:/ac6/systemworkbench/plugins/fr.ac6.mcu.externaltools.arm-none.win32_1.17.0.201812190825/tools/compiler/bin/../lib/gcc/arm-none-eabi/7.3.1/../../../../arm-none-eabi/lib/thumb/v7e-m/fpv4-sp/hard\libc.a(lib_a-lock.o)
                0x08001c28                __retarget_lock_release_recursive
 .text.__register_exitproc
                0x08001c2c       0xc0 c:/ac6/systemworkbench/plugins/fr.ac6.mcu.externaltools.arm-none.win32_1.17.0.201812190825/tools/compiler/bin/../lib/gcc/arm-none-eabi/7.3.1/../../../../arm-none-eabi/lib/thumb/v7e-m/fpv4-sp/hard\libc.a(lib_a-__atexit.o)
                0x08001c2c                __register_exitproc
 *(.glue_7)
 .glue_7        0x08001cec        0x0 linker stubs
 *(.glue_7t)
 .glue_7t       0x08001cec        0x0 linker stubs
 *(.eh_frame)
 .eh_frame      0x08001cec        0x0 c:/ac6/systemworkbench/plugins/fr.ac6.mcu.externaltools.arm-none.win32_1.17.0.201812190825/tools/compiler/bin/../lib/gcc/arm-none-eabi/7.3.1/thumb/v7e-m/fpv4-sp/hard/crtbegin.o
 *(.init)
 .init          0x08001cec        0x4 c:/ac6/systemworkbench/plugins/fr.ac6.mcu.externaltools.arm-none.win32_1.17.0.201812190825/tools/compiler/bin/../lib/gcc/arm-none-eabi/7.3.1/thumb/v7e-m/fpv4-sp/hard/crti.o
                0x08001cec                _init
 .init          0x08001cf0        0x8 c:/ac6/systemworkbench/plugins/fr.ac6.mcu.externaltools.arm-none.win32_1.17.0.201812190825/tools/compiler/bin/../lib/gcc/arm-none-eabi/7.3.1/thumb/v7e-m/fpv4-sp/hard/crtn.o
 *(.fini)
 .fini          0x08001cf8        0x4 c:/ac6/systemworkbench/plugins/fr.ac6.mcu.externaltools.arm-none.win32_1.17.0.201812190825/tools/compiler/bin/../lib/gcc/arm-none-eabi/7.3.1/thumb/v7e-m/fpv4-sp/hard/crti.o
                0x08001cf8                _fini
 .fini          0x08001cfc        0x8 c:/ac6/systemworkbench/plugins/fr.ac6.mcu.externaltools.arm-none.win32_1.17.0.201812190825/tools/compiler/bin/../lib/gcc/arm-none-eabi/7.3.1/thumb/v7e-m/fpv4-sp/hard/crtn.o
                0x08001d04                . = ALIGN (0x4)
                0x08001d04                _etext = .

.vfp11_veneer   0x08001d04        0x0
 .vfp11_veneer  0x08001d04        0x0 linker stubs

.v4_bx          0x08001d04        0x0
 .v4_bx         0x08001d04        0x0 linker stubs

.iplt           0x08001d04        0x0
 .iplt          0x08001d04        0x0 c:/ac6/systemworkbench/plugins/fr.ac6.mcu.externaltools.arm-none.win32_1.17.0.201812190825/tools/compiler/bin/../lib/gcc/arm-none-eabi/7.3.1/thumb/v7e-m/fpv4-sp/hard/crtbegin.o

.rodata         0x08001d04       0x68
                0x08001d04                . = ALIGN (0x4)
 *(.rodata)
 .rodata        0x08001d04        0x8 src/led_matrix.o
                0x08001d04                column_matrix
 .rodata        0x08001d0c        0x2 src/main.o
                0x08001d0c                control_onoff
 *fill*         0x08001d0e        0x2 
 .rodata        0x08001d10       0x57 src/mcp23017.o
 *(.rodata*)
 *fill*         0x08001d67        0x1 
 .rodata._global_impure_ptr
                0x08001d68        0x4 c:/ac6/systemworkbench/plugins/fr.ac6.mcu.externaltools.arm-none.win32_1.17.0.201812190825/tools/compiler/bin/../lib/gcc/arm-none-eabi/7.3.1/../../../../arm-none-eabi/lib/thumb/v7e-m/fpv4-sp/hard\libc.a(lib_a-impure.o)
                0x08001d68                _global_impure_ptr
                0x08001d6c                . = ALIGN (0x4)

.rel.dyn        0x08001d6c        0x0
 .rel.iplt      0x08001d6c        0x0 c:/ac6/systemworkbench/plugins/fr.ac6.mcu.externaltools.arm-none.win32_1.17.0.201812190825/tools/compiler/bin/../lib/gcc/arm-none-eabi/7.3.1/thumb/v7e-m/fpv4-sp/hard/crtbegin.o

.ARM.extab
 *(.ARM.extab* .gnu.linkonce.armextab.*)

.ARM            0x08001d6c        0x0
                0x08001d6c                __exidx_start = .
 *(.ARM.exidx*)
                0x08001d6c                __exidx_end = .

.preinit_array  0x08001d6c        0x0
                0x08001d6c                PROVIDE (__preinit_array_start = .)
 *(.preinit_array*)
                0x08001d6c                PROVIDE (__preinit_array_end = .)

.init_array     0x08001d6c        0x8
                0x08001d6c                PROVIDE (__init_array_start = .)
 *(SORT_BY_NAME(.init_array.*))
 .init_array.00000
                0x08001d6c        0x4 c:/ac6/systemworkbench/plugins/fr.ac6.mcu.externaltools.arm-none.win32_1.17.0.201812190825/tools/compiler/bin/../lib/gcc/arm-none-eabi/7.3.1/../../../../arm-none-eabi/lib/thumb/v7e-m/fpv4-sp/hard\libc.a(lib_a-__call_atexit.o)
 *(.init_array*)
 .init_array    0x08001d70        0x4 c:/ac6/systemworkbench/plugins/fr.ac6.mcu.externaltools.arm-none.win32_1.17.0.201812190825/tools/compiler/bin/../lib/gcc/arm-none-eabi/7.3.1/thumb/v7e-m/fpv4-sp/hard/crtbegin.o
                0x08001d74                PROVIDE (__init_array_end = .)

.fini_array     0x08001d74        0x4
                0x08001d74                PROVIDE (__fini_array_start = .)
 *(SORT_BY_NAME(.fini_array.*))
 *(.fini_array*)
 .fini_array    0x08001d74        0x4 c:/ac6/systemworkbench/plugins/fr.ac6.mcu.externaltools.arm-none.win32_1.17.0.201812190825/tools/compiler/bin/../lib/gcc/arm-none-eabi/7.3.1/thumb/v7e-m/fpv4-sp/hard/crtbegin.o
                0x08001d78                PROVIDE (__fini_array_end = .)
                0x08001d78                _sidata = LOADADDR (.data)

.data           0x20000000      0x454 load address 0x08001d78
                0x20000000                . = ALIGN (0x4)
                0x20000000                _sdata = .
 *(.data)
 .data          0x20000000        0x1 src/mcp23017.o
 *fill*         0x20000001        0x3 
 .data          0x20000004       0x14 src/system_stm32f4xx.o
                0x20000004                SystemCoreClock
                0x20000008                AHBPrescTable
 .data          0x20000018       0x10 C:\work\workspace_stm\nucleo-f401re_stdperiph_lib\Debug\libnucleo-f401re_stdperiph_lib.a(stm32f4xx_rcc.o)
 *(.data*)
 .data.impure_data
                0x20000028      0x428 c:/ac6/systemworkbench/plugins/fr.ac6.mcu.externaltools.arm-none.win32_1.17.0.201812190825/tools/compiler/bin/../lib/gcc/arm-none-eabi/7.3.1/../../../../arm-none-eabi/lib/thumb/v7e-m/fpv4-sp/hard\libc.a(lib_a-impure.o)
 .data.__atexit_recursive_mutex
                0x20000450        0x4 c:/ac6/systemworkbench/plugins/fr.ac6.mcu.externaltools.arm-none.win32_1.17.0.201812190825/tools/compiler/bin/../lib/gcc/arm-none-eabi/7.3.1/../../../../arm-none-eabi/lib/thumb/v7e-m/fpv4-sp/hard\libc.a(lib_a-__call_atexit.o)
                0x20000450                __atexit_recursive_mutex
                0x20000454                . = ALIGN (0x4)
                0x20000454                _edata = .

.igot.plt       0x20000454        0x0 load address 0x080021cc
 .igot.plt      0x20000454        0x0 c:/ac6/systemworkbench/plugins/fr.ac6.mcu.externaltools.arm-none.win32_1.17.0.201812190825/tools/compiler/bin/../lib/gcc/arm-none-eabi/7.3.1/thumb/v7e-m/fpv4-sp/hard/crtbegin.o
                0x20000454                . = ALIGN (0x4)

.bss            0x20000454      0x168 load address 0x080021cc
                0x20000454                _sbss = .
                0x20000454                __bss_start__ = _sbss
 *(.bss)
 .bss           0x20000454       0x1c c:/ac6/systemworkbench/plugins/fr.ac6.mcu.externaltools.arm-none.win32_1.17.0.201812190825/tools/compiler/bin/../lib/gcc/arm-none-eabi/7.3.1/thumb/v7e-m/fpv4-sp/hard/crtbegin.o
 .bss           0x20000470        0x3 src/fv_i2c.o
 *fill*         0x20000473        0x1 
 .bss           0x20000474        0xc src/led_matrix.o
 .bss           0x20000480        0x4 src/main.o
 .bss           0x20000484        0x1 src/mcp23017.o
 *(.bss*)
 *(COMMON)
 *fill*         0x20000485        0x3 
 COMMON         0x20000488        0x8 src/fv_i2c.o
                0x20000488                yI2C
                0x2000048c                i2c_timeOut
 COMMON         0x20000490      0x107 src/main.o
                0x20000490                usart_serialReceived
                0x20000491                tim_set
                0x20000492                usart_nrOfByte
                0x20000494                changeOutput
                0x20000498                usart_rxBuffer
 *fill*         0x20000597        0x1 
 COMMON         0x20000598       0x21 c:/ac6/systemworkbench/plugins/fr.ac6.mcu.externaltools.arm-none.win32_1.17.0.201812190825/tools/compiler/bin/../lib/gcc/arm-none-eabi/7.3.1/../../../../arm-none-eabi/lib/thumb/v7e-m/fpv4-sp/hard\libc.a(lib_a-lock.o)
                0x20000598                __lock___atexit_recursive_mutex
                0x2000059c                __lock___arc4random_mutex
                0x200005a0                __lock___env_recursive_mutex
                0x200005a4                __lock___sinit_recursive_mutex
                0x200005a8                __lock___malloc_recursive_mutex
                0x200005ac                __lock___at_quick_exit_mutex
                0x200005b0                __lock___dd_hash_mutex
                0x200005b4                __lock___tz_mutex
                0x200005b8                __lock___sfp_recursive_mutex
                0x200005bc                . = ALIGN (0x4)
 *fill*         0x200005b9        0x3 
                0x200005bc                _ebss = .
                0x200005bc                __bss_end__ = _ebss

._user_heap_stack
                0x200005bc      0x604 load address 0x080021cc
                0x200005c0                . = ALIGN (0x8)
 *fill*         0x200005bc        0x4 
                0x200005c0                PROVIDE (end = .)
                [!provide]                PROVIDE (_end = .)
                0x200007c0                . = (. + _Min_Heap_Size)
 *fill*         0x200005c0      0x200 
                0x20000bc0                . = (. + _Min_Stack_Size)
 *fill*         0x200007c0      0x400 
                0x20000bc0                . = ALIGN (0x8)

/DISCARD/
 libc.a(*)
 libm.a(*)
 libgcc.a(*)

.ARM.attributes
                0x00000000       0x30
 *(.ARM.attributes)
 .ARM.attributes
                0x00000000       0x22 c:/ac6/systemworkbench/plugins/fr.ac6.mcu.externaltools.arm-none.win32_1.17.0.201812190825/tools/compiler/bin/../lib/gcc/arm-none-eabi/7.3.1/thumb/v7e-m/fpv4-sp/hard/crti.o
 .ARM.attributes
                0x00000022       0x34 c:/ac6/systemworkbench/plugins/fr.ac6.mcu.externaltools.arm-none.win32_1.17.0.201812190825/tools/compiler/bin/../lib/gcc/arm-none-eabi/7.3.1/thumb/v7e-m/fpv4-sp/hard/crtbegin.o
 .ARM.attributes
                0x00000056       0x39 src/fv_i2c.o
 .ARM.attributes
                0x0000008f       0x39 src/led_matrix.o
 .ARM.attributes
                0x000000c8       0x39 src/main.o
 .ARM.attributes
                0x00000101       0x39 src/mcp23017.o
 .ARM.attributes
                0x0000013a       0x39 src/system_stm32f4xx.o
 .ARM.attributes
                0x00000173       0x39 src/test.o
 .ARM.attributes
                0x000001ac       0x39 src/timer.o
 .ARM.attributes
                0x000001e5       0x39 src/uart.o
 .ARM.attributes
                0x0000021e       0x21 startup/startup_stm32f401xx.o
 .ARM.attributes
                0x0000023f       0x39 C:\work\workspace_stm\nucleo-f401re_stdperiph_lib\Debug\libnucleo-f401re_stdperiph_lib.a(misc.o)
 .ARM.attributes
                0x00000278       0x39 C:\work\workspace_stm\nucleo-f401re_stdperiph_lib\Debug\libnucleo-f401re_stdperiph_lib.a(stm32f4xx_gpio.o)
 .ARM.attributes
                0x000002b1       0x39 C:\work\workspace_stm\nucleo-f401re_stdperiph_lib\Debug\libnucleo-f401re_stdperiph_lib.a(stm32f4xx_i2c.o)
 .ARM.attributes
                0x000002ea       0x39 C:\work\workspace_stm\nucleo-f401re_stdperiph_lib\Debug\libnucleo-f401re_stdperiph_lib.a(stm32f4xx_rcc.o)
 .ARM.attributes
                0x00000323       0x39 C:\work\workspace_stm\nucleo-f401re_stdperiph_lib\Debug\libnucleo-f401re_stdperiph_lib.a(stm32f4xx_tim.o)
 .ARM.attributes
                0x0000035c       0x39 C:\work\workspace_stm\nucleo-f401re_stdperiph_lib\Debug\libnucleo-f401re_stdperiph_lib.a(stm32f4xx_usart.o)
 .ARM.attributes
                0x00000395       0x34 c:/ac6/systemworkbench/plugins/fr.ac6.mcu.externaltools.arm-none.win32_1.17.0.201812190825/tools/compiler/bin/../lib/gcc/arm-none-eabi/7.3.1/../../../../arm-none-eabi/lib/thumb/v7e-m/fpv4-sp/hard\libc.a(lib_a-impure.o)
 .ARM.attributes
                0x000003c9       0x34 c:/ac6/systemworkbench/plugins/fr.ac6.mcu.externaltools.arm-none.win32_1.17.0.201812190825/tools/compiler/bin/../lib/gcc/arm-none-eabi/7.3.1/../../../../arm-none-eabi/lib/thumb/v7e-m/fpv4-sp/hard\libc.a(lib_a-init.o)
 .ARM.attributes
                0x000003fd       0x34 c:/ac6/systemworkbench/plugins/fr.ac6.mcu.externaltools.arm-none.win32_1.17.0.201812190825/tools/compiler/bin/../lib/gcc/arm-none-eabi/7.3.1/../../../../arm-none-eabi/lib/thumb/v7e-m/fpv4-sp/hard\libc.a(lib_a-memset.o)
 .ARM.attributes
                0x00000431       0x34 c:/ac6/systemworkbench/plugins/fr.ac6.mcu.externaltools.arm-none.win32_1.17.0.201812190825/tools/compiler/bin/../lib/gcc/arm-none-eabi/7.3.1/../../../../arm-none-eabi/lib/thumb/v7e-m/fpv4-sp/hard\libc.a(lib_a-__call_atexit.o)
 .ARM.attributes
                0x00000465       0x34 c:/ac6/systemworkbench/plugins/fr.ac6.mcu.externaltools.arm-none.win32_1.17.0.201812190825/tools/compiler/bin/../lib/gcc/arm-none-eabi/7.3.1/../../../../arm-none-eabi/lib/thumb/v7e-m/fpv4-sp/hard\libc.a(lib_a-atexit.o)
 .ARM.attributes
                0x00000499       0x34 c:/ac6/systemworkbench/plugins/fr.ac6.mcu.externaltools.arm-none.win32_1.17.0.201812190825/tools/compiler/bin/../lib/gcc/arm-none-eabi/7.3.1/../../../../arm-none-eabi/lib/thumb/v7e-m/fpv4-sp/hard\libc.a(lib_a-fini.o)
 .ARM.attributes
                0x000004cd       0x34 c:/ac6/systemworkbench/plugins/fr.ac6.mcu.externaltools.arm-none.win32_1.17.0.201812190825/tools/compiler/bin/../lib/gcc/arm-none-eabi/7.3.1/../../../../arm-none-eabi/lib/thumb/v7e-m/fpv4-sp/hard\libc.a(lib_a-lock.o)
 .ARM.attributes
                0x00000501       0x34 c:/ac6/systemworkbench/plugins/fr.ac6.mcu.externaltools.arm-none.win32_1.17.0.201812190825/tools/compiler/bin/../lib/gcc/arm-none-eabi/7.3.1/../../../../arm-none-eabi/lib/thumb/v7e-m/fpv4-sp/hard\libc.a(lib_a-__atexit.o)
 .ARM.attributes
                0x00000535       0x22 c:/ac6/systemworkbench/plugins/fr.ac6.mcu.externaltools.arm-none.win32_1.17.0.201812190825/tools/compiler/bin/../lib/gcc/arm-none-eabi/7.3.1/thumb/v7e-m/fpv4-sp/hard/crtn.o
OUTPUT(nucleo_i2c.elf elf32-littlearm)

.debug_info     0x00000000     0x8405
 .debug_info    0x00000000      0x6bc src/fv_i2c.o
 .debug_info    0x000006bc      0x46c src/led_matrix.o
 .debug_info    0x00000b28      0x416 src/main.o
 .debug_info    0x00000f3e      0xd36 src/mcp23017.o
 .debug_info    0x00001c74      0x612 src/system_stm32f4xx.o
 .debug_info    0x00002286      0x85c src/test.o
 .debug_info    0x00002ae2      0x726 src/timer.o
 .debug_info    0x00003208      0x722 src/uart.o
 .debug_info    0x0000392a       0x22 startup/startup_stm32f401xx.o
 .debug_info    0x0000394c      0x54b C:\work\workspace_stm\nucleo-f401re_stdperiph_lib\Debug\libnucleo-f401re_stdperiph_lib.a(misc.o)
 .debug_info    0x00003e97      0x62b C:\work\workspace_stm\nucleo-f401re_stdperiph_lib\Debug\libnucleo-f401re_stdperiph_lib.a(stm32f4xx_gpio.o)
 .debug_info    0x000044c2      0xb9e C:\work\workspace_stm\nucleo-f401re_stdperiph_lib\Debug\libnucleo-f401re_stdperiph_lib.a(stm32f4xx_i2c.o)
 .debug_info    0x00005060      0xd5e C:\work\workspace_stm\nucleo-f401re_stdperiph_lib\Debug\libnucleo-f401re_stdperiph_lib.a(stm32f4xx_rcc.o)
 .debug_info    0x00005dbe     0x1c73 C:\work\workspace_stm\nucleo-f401re_stdperiph_lib\Debug\libnucleo-f401re_stdperiph_lib.a(stm32f4xx_tim.o)
 .debug_info    0x00007a31      0x9d4 C:\work\workspace_stm\nucleo-f401re_stdperiph_lib\Debug\libnucleo-f401re_stdperiph_lib.a(stm32f4xx_usart.o)

.debug_abbrev   0x00000000     0x17d5
 .debug_abbrev  0x00000000      0x1a6 src/fv_i2c.o
 .debug_abbrev  0x000001a6      0x19c src/led_matrix.o
 .debug_abbrev  0x00000342      0x1aa src/main.o
 .debug_abbrev  0x000004ec      0x23c src/mcp23017.o
 .debug_abbrev  0x00000728      0x15d src/system_stm32f4xx.o
 .debug_abbrev  0x00000885      0x1c2 src/test.o
 .debug_abbrev  0x00000a47      0x1d1 src/timer.o
 .debug_abbrev  0x00000c18      0x1e5 src/uart.o
 .debug_abbrev  0x00000dfd       0x12 startup/startup_stm32f401xx.o
 .debug_abbrev  0x00000e0f      0x177 C:\work\workspace_stm\nucleo-f401re_stdperiph_lib\Debug\libnucleo-f401re_stdperiph_lib.a(misc.o)
 .debug_abbrev  0x00000f86      0x1bf C:\work\workspace_stm\nucleo-f401re_stdperiph_lib\Debug\libnucleo-f401re_stdperiph_lib.a(stm32f4xx_gpio.o)
 .debug_abbrev  0x00001145      0x196 C:\work\workspace_stm\nucleo-f401re_stdperiph_lib\Debug\libnucleo-f401re_stdperiph_lib.a(stm32f4xx_i2c.o)
 .debug_abbrev  0x000012db      0x1d4 C:\work\workspace_stm\nucleo-f401re_stdperiph_lib\Debug\libnucleo-f401re_stdperiph_lib.a(stm32f4xx_rcc.o)
 .debug_abbrev  0x000014af      0x19f C:\work\workspace_stm\nucleo-f401re_stdperiph_lib\Debug\libnucleo-f401re_stdperiph_lib.a(stm32f4xx_tim.o)
 .debug_abbrev  0x0000164e      0x187 C:\work\workspace_stm\nucleo-f401re_stdperiph_lib\Debug\libnucleo-f401re_stdperiph_lib.a(stm32f4xx_usart.o)

.debug_aranges  0x00000000      0x9a8
 .debug_aranges
                0x00000000       0x50 src/fv_i2c.o
 .debug_aranges
                0x00000050       0x50 src/led_matrix.o
 .debug_aranges
                0x000000a0       0x30 src/main.o
 .debug_aranges
                0x000000d0       0x38 src/mcp23017.o
 .debug_aranges
                0x00000108       0x30 src/system_stm32f4xx.o
 .debug_aranges
                0x00000138       0x38 src/test.o
 .debug_aranges
                0x00000170       0x48 src/timer.o
 .debug_aranges
                0x000001b8       0x40 src/uart.o
 .debug_aranges
                0x000001f8       0x28 startup/startup_stm32f401xx.o
 .debug_aranges
                0x00000220       0x40 C:\work\workspace_stm\nucleo-f401re_stdperiph_lib\Debug\libnucleo-f401re_stdperiph_lib.a(misc.o)
 .debug_aranges
                0x00000260       0x88 C:\work\workspace_stm\nucleo-f401re_stdperiph_lib\Debug\libnucleo-f401re_stdperiph_lib.a(stm32f4xx_gpio.o)
 .debug_aranges
                0x000002e8      0x130 C:\work\workspace_stm\nucleo-f401re_stdperiph_lib\Debug\libnucleo-f401re_stdperiph_lib.a(stm32f4xx_i2c.o)
 .debug_aranges
                0x00000418      0x198 C:\work\workspace_stm\nucleo-f401re_stdperiph_lib\Debug\libnucleo-f401re_stdperiph_lib.a(stm32f4xx_rcc.o)
 .debug_aranges
                0x000005b0      0x2f8 C:\work\workspace_stm\nucleo-f401re_stdperiph_lib\Debug\libnucleo-f401re_stdperiph_lib.a(stm32f4xx_tim.o)
 .debug_aranges
                0x000008a8      0x100 C:\work\workspace_stm\nucleo-f401re_stdperiph_lib\Debug\libnucleo-f401re_stdperiph_lib.a(stm32f4xx_usart.o)

.debug_ranges   0x00000000      0x8c0
 .debug_ranges  0x00000000       0x40 src/fv_i2c.o
 .debug_ranges  0x00000040       0x40 src/led_matrix.o
 .debug_ranges  0x00000080       0x20 src/main.o
 .debug_ranges  0x000000a0       0x28 src/mcp23017.o
 .debug_ranges  0x000000c8       0x20 src/system_stm32f4xx.o
 .debug_ranges  0x000000e8       0x28 src/test.o
 .debug_ranges  0x00000110       0x38 src/timer.o
 .debug_ranges  0x00000148       0x30 src/uart.o
 .debug_ranges  0x00000178       0x20 startup/startup_stm32f401xx.o
 .debug_ranges  0x00000198       0x30 C:\work\workspace_stm\nucleo-f401re_stdperiph_lib\Debug\libnucleo-f401re_stdperiph_lib.a(misc.o)
 .debug_ranges  0x000001c8       0x78 C:\work\workspace_stm\nucleo-f401re_stdperiph_lib\Debug\libnucleo-f401re_stdperiph_lib.a(stm32f4xx_gpio.o)
 .debug_ranges  0x00000240      0x120 C:\work\workspace_stm\nucleo-f401re_stdperiph_lib\Debug\libnucleo-f401re_stdperiph_lib.a(stm32f4xx_i2c.o)
 .debug_ranges  0x00000360      0x188 C:\work\workspace_stm\nucleo-f401re_stdperiph_lib\Debug\libnucleo-f401re_stdperiph_lib.a(stm32f4xx_rcc.o)
 .debug_ranges  0x000004e8      0x2e8 C:\work\workspace_stm\nucleo-f401re_stdperiph_lib\Debug\libnucleo-f401re_stdperiph_lib.a(stm32f4xx_tim.o)
 .debug_ranges  0x000007d0       0xf0 C:\work\workspace_stm\nucleo-f401re_stdperiph_lib\Debug\libnucleo-f401re_stdperiph_lib.a(stm32f4xx_usart.o)

.debug_macro    0x00000000    0x10f3e
 .debug_macro   0x00000000      0x1a8 src/fv_i2c.o
 .debug_macro   0x000001a8      0xa72 src/fv_i2c.o
 .debug_macro   0x00000c1a       0x22 src/fv_i2c.o
 .debug_macro   0x00000c3c       0x8e src/fv_i2c.o
 .debug_macro   0x00000cca       0x51 src/fv_i2c.o
 .debug_macro   0x00000d1b       0xef src/fv_i2c.o
 .debug_macro   0x00000e0a       0x6a src/fv_i2c.o
 .debug_macro   0x00000e74      0x1df src/fv_i2c.o
 .debug_macro   0x00001053       0x16 src/fv_i2c.o
 .debug_macro   0x00001069       0x65 src/fv_i2c.o
 .debug_macro   0x000010ce       0x3b src/fv_i2c.o
 .debug_macro   0x00001109       0x34 src/fv_i2c.o
 .debug_macro   0x0000113d       0x26 src/fv_i2c.o
 .debug_macro   0x00001163      0xe43 src/fv_i2c.o
 .debug_macro   0x00001fa6     0x7fd9 src/fv_i2c.o
 .debug_macro   0x00009f7f      0x44f src/fv_i2c.o
 .debug_macro   0x0000a3ce       0xb2 src/fv_i2c.o
 .debug_macro   0x0000a480      0x477 src/fv_i2c.o
 .debug_macro   0x0000a8f7       0xb5 src/fv_i2c.o
 .debug_macro   0x0000a9ac      0x41c src/fv_i2c.o
 .debug_macro   0x0000adc8      0x2f4 src/fv_i2c.o
 .debug_macro   0x0000b0bc       0x64 src/fv_i2c.o
 .debug_macro   0x0000b120       0xee src/fv_i2c.o
 .debug_macro   0x0000b20e      0x64a src/fv_i2c.o
 .debug_macro   0x0000b858      0x59e src/fv_i2c.o
 .debug_macro   0x0000bdf6      0x342 src/fv_i2c.o
 .debug_macro   0x0000c138      0x36c src/fv_i2c.o
 .debug_macro   0x0000c4a4      0x10d src/fv_i2c.o
 .debug_macro   0x0000c5b1      0x73b src/fv_i2c.o
 .debug_macro   0x0000ccec      0x223 src/fv_i2c.o
 .debug_macro   0x0000cf0f       0x34 src/fv_i2c.o
 .debug_macro   0x0000cf43       0x82 src/fv_i2c.o
 .debug_macro   0x0000cfc5       0x35 src/fv_i2c.o
 .debug_macro   0x0000cffa      0x2b4 src/fv_i2c.o
 .debug_macro   0x0000d2ae       0x77 src/led_matrix.o
 .debug_macro   0x0000d325      0x1c8 src/main.o
 .debug_macro   0x0000d4ed      0x2ba src/main.o
 .debug_macro   0x0000d7a7      0x155 src/mcp23017.o
 .debug_macro   0x0000d8fc       0x5e src/mcp23017.o
 .debug_macro   0x0000d95a       0x18 src/mcp23017.o
 .debug_macro   0x0000d972       0x35 src/mcp23017.o
 .debug_macro   0x0000d9a7       0x34 src/mcp23017.o
 .debug_macro   0x0000d9db      0x174 src/mcp23017.o
 .debug_macro   0x0000db4f       0x58 src/mcp23017.o
 .debug_macro   0x0000dba7       0x1f src/mcp23017.o
 .debug_macro   0x0000dbc6       0x43 src/mcp23017.o
 .debug_macro   0x0000dc09       0x20 src/mcp23017.o
 .debug_macro   0x0000dc29      0x18e src/mcp23017.o
 .debug_macro   0x0000ddb7      0x330 src/mcp23017.o
 .debug_macro   0x0000e0e7       0x10 src/mcp23017.o
 .debug_macro   0x0000e0f7       0x35 src/mcp23017.o
 .debug_macro   0x0000e12c       0x1c src/mcp23017.o
 .debug_macro   0x0000e148      0x19c src/system_stm32f4xx.o
 .debug_macro   0x0000e2e4      0x190 src/test.o
 .debug_macro   0x0000e474      0x2ee src/test.o
 .debug_macro   0x0000e762      0x18c src/timer.o
 .debug_macro   0x0000e8ee      0x735 src/timer.o
 .debug_macro   0x0000f023      0x18b src/uart.o
 .debug_macro   0x0000f1ae      0x21d src/uart.o
 .debug_macro   0x0000f3cb       0x10 src/uart.o
 .debug_macro   0x0000f3db      0x188 C:\work\workspace_stm\nucleo-f401re_stdperiph_lib\Debug\libnucleo-f401re_stdperiph_lib.a(misc.o)
 .debug_macro   0x0000f563      0xa5a C:\work\workspace_stm\nucleo-f401re_stdperiph_lib\Debug\libnucleo-f401re_stdperiph_lib.a(misc.o)
 .debug_macro   0x0000ffbd       0x7c C:\work\workspace_stm\nucleo-f401re_stdperiph_lib\Debug\libnucleo-f401re_stdperiph_lib.a(misc.o)
 .debug_macro   0x00010039      0x186 C:\work\workspace_stm\nucleo-f401re_stdperiph_lib\Debug\libnucleo-f401re_stdperiph_lib.a(stm32f4xx_gpio.o)
 .debug_macro   0x000101bf      0x198 C:\work\workspace_stm\nucleo-f401re_stdperiph_lib\Debug\libnucleo-f401re_stdperiph_lib.a(stm32f4xx_i2c.o)
 .debug_macro   0x00010357      0x255 C:\work\workspace_stm\nucleo-f401re_stdperiph_lib\Debug\libnucleo-f401re_stdperiph_lib.a(stm32f4xx_rcc.o)
 .debug_macro   0x000105ac      0x644 C:\work\workspace_stm\nucleo-f401re_stdperiph_lib\Debug\libnucleo-f401re_stdperiph_lib.a(stm32f4xx_rcc.o)
 .debug_macro   0x00010bf0      0x1b0 C:\work\workspace_stm\nucleo-f401re_stdperiph_lib\Debug\libnucleo-f401re_stdperiph_lib.a(stm32f4xx_tim.o)
 .debug_macro   0x00010da0      0x19e C:\work\workspace_stm\nucleo-f401re_stdperiph_lib\Debug\libnucleo-f401re_stdperiph_lib.a(stm32f4xx_usart.o)

.debug_line     0x00000000     0x636c
 .debug_line    0x00000000      0x6b7 src/fv_i2c.o
 .debug_line    0x000006b7      0x436 src/led_matrix.o
 .debug_line    0x00000aed      0x61a src/main.o
 .debug_line    0x00001107      0x3fd src/mcp23017.o
 .debug_line    0x00001504      0x5fb src/system_stm32f4xx.o
 .debug_line    0x00001aff      0x5ec src/test.o
 .debug_line    0x000020eb      0x61d src/timer.o
 .debug_line    0x00002708      0x627 src/uart.o
 .debug_line    0x00002d2f       0x7d startup/startup_stm32f401xx.o
 .debug_line    0x00002dac      0x5e2 C:\work\workspace_stm\nucleo-f401re_stdperiph_lib\Debug\libnucleo-f401re_stdperiph_lib.a(misc.o)
 .debug_line    0x0000338e      0x708 C:\work\workspace_stm\nucleo-f401re_stdperiph_lib\Debug\libnucleo-f401re_stdperiph_lib.a(stm32f4xx_gpio.o)
 .debug_line    0x00003a96      0x89c C:\work\workspace_stm\nucleo-f401re_stdperiph_lib\Debug\libnucleo-f401re_stdperiph_lib.a(stm32f4xx_i2c.o)
 .debug_line    0x00004332      0x992 C:\work\workspace_stm\nucleo-f401re_stdperiph_lib\Debug\libnucleo-f401re_stdperiph_lib.a(stm32f4xx_rcc.o)
 .debug_line    0x00004cc4      0xe5a C:\work\workspace_stm\nucleo-f401re_stdperiph_lib\Debug\libnucleo-f401re_stdperiph_lib.a(stm32f4xx_tim.o)
 .debug_line    0x00005b1e      0x84e C:\work\workspace_stm\nucleo-f401re_stdperiph_lib\Debug\libnucleo-f401re_stdperiph_lib.a(stm32f4xx_usart.o)

.debug_str      0x00000000    0x59455
 .debug_str     0x00000000    0x53454 src/fv_i2c.o
                              0x5366a (size before relaxing)
 .debug_str     0x00053454      0x338 src/led_matrix.o
                               0x3f48 (size before relaxing)
 .debug_str     0x0005378c       0xf0 src/main.o
                              0x53441 (size before relaxing)
 .debug_str     0x0005387c     0x3013 src/mcp23017.o
                               0x6da1 (size before relaxing)
 .debug_str     0x0005688f      0x20c src/system_stm32f4xx.o
                              0x53440 (size before relaxing)
 .debug_str     0x00056a9b      0x48f src/test.o
                              0x538a1 (size before relaxing)
 .debug_str     0x00056f2a      0x207 src/timer.o
                              0x53828 (size before relaxing)
 .debug_str     0x00057131      0x11a src/uart.o
                              0x5395c (size before relaxing)
 .debug_str     0x0005724b       0x2f startup/startup_stm32f401xx.o
                                 0x56 (size before relaxing)
 .debug_str     0x0005727a      0x15d C:\work\workspace_stm\nucleo-f401re_stdperiph_lib\Debug\libnucleo-f401re_stdperiph_lib.a(misc.o)
                              0x53424 (size before relaxing)
 .debug_str     0x000573d7      0x17c C:\work\workspace_stm\nucleo-f401re_stdperiph_lib\Debug\libnucleo-f401re_stdperiph_lib.a(stm32f4xx_gpio.o)
                              0x534cc (size before relaxing)
 .debug_str     0x00057553      0x3ef C:\work\workspace_stm\nucleo-f401re_stdperiph_lib\Debug\libnucleo-f401re_stdperiph_lib.a(stm32f4xx_i2c.o)
                              0x53742 (size before relaxing)
 .debug_str     0x00057942      0xb33 C:\work\workspace_stm\nucleo-f401re_stdperiph_lib\Debug\libnucleo-f401re_stdperiph_lib.a(stm32f4xx_rcc.o)
                              0x53f23 (size before relaxing)
 .debug_str     0x00058475      0xb2c C:\work\workspace_stm\nucleo-f401re_stdperiph_lib\Debug\libnucleo-f401re_stdperiph_lib.a(stm32f4xx_tim.o)
                              0x53ec3 (size before relaxing)
 .debug_str     0x00058fa1      0x4b4 C:\work\workspace_stm\nucleo-f401re_stdperiph_lib\Debug\libnucleo-f401re_stdperiph_lib.a(stm32f4xx_usart.o)
                              0x537df (size before relaxing)

.comment        0x00000000       0x7f
 .comment       0x00000000       0x7f src/fv_i2c.o
                                 0x80 (size before relaxing)
 .comment       0x0000007f       0x80 src/led_matrix.o
 .comment       0x0000007f       0x80 src/main.o
 .comment       0x0000007f       0x80 src/mcp23017.o
 .comment       0x0000007f       0x80 src/system_stm32f4xx.o
 .comment       0x0000007f       0x80 src/test.o
 .comment       0x0000007f       0x80 src/timer.o
 .comment       0x0000007f       0x80 src/uart.o
 .comment       0x0000007f       0x80 C:\work\workspace_stm\nucleo-f401re_stdperiph_lib\Debug\libnucleo-f401re_stdperiph_lib.a(misc.o)
 .comment       0x0000007f       0x80 C:\work\workspace_stm\nucleo-f401re_stdperiph_lib\Debug\libnucleo-f401re_stdperiph_lib.a(stm32f4xx_gpio.o)
 .comment       0x0000007f       0x80 C:\work\workspace_stm\nucleo-f401re_stdperiph_lib\Debug\libnucleo-f401re_stdperiph_lib.a(stm32f4xx_i2c.o)
 .comment       0x0000007f       0x80 C:\work\workspace_stm\nucleo-f401re_stdperiph_lib\Debug\libnucleo-f401re_stdperiph_lib.a(stm32f4xx_rcc.o)
 .comment       0x0000007f       0x80 C:\work\workspace_stm\nucleo-f401re_stdperiph_lib\Debug\libnucleo-f401re_stdperiph_lib.a(stm32f4xx_tim.o)
 .comment       0x0000007f       0x80 C:\work\workspace_stm\nucleo-f401re_stdperiph_lib\Debug\libnucleo-f401re_stdperiph_lib.a(stm32f4xx_usart.o)

.debug_frame    0x00000000     0x2ad8
 .debug_frame   0x00000000      0x114 src/fv_i2c.o
 .debug_frame   0x00000114      0x110 src/led_matrix.o
 .debug_frame   0x00000224       0x78 src/main.o
 .debug_frame   0x0000029c       0xa0 src/mcp23017.o
 .debug_frame   0x0000033c       0x7c src/system_stm32f4xx.o
 .debug_frame   0x000003b8       0xa4 src/test.o
 .debug_frame   0x0000045c       0xdc src/timer.o
 .debug_frame   0x00000538       0xbc src/uart.o
 .debug_frame   0x000005f4       0xd8 C:\work\workspace_stm\nucleo-f401re_stdperiph_lib\Debug\libnucleo-f401re_stdperiph_lib.a(misc.o)
 .debug_frame   0x000006cc      0x23c C:\work\workspace_stm\nucleo-f401re_stdperiph_lib\Debug\libnucleo-f401re_stdperiph_lib.a(stm32f4xx_gpio.o)
 .debug_frame   0x00000908      0x580 C:\work\workspace_stm\nucleo-f401re_stdperiph_lib\Debug\libnucleo-f401re_stdperiph_lib.a(stm32f4xx_i2c.o)
 .debug_frame   0x00000e88      0x774 C:\work\workspace_stm\nucleo-f401re_stdperiph_lib\Debug\libnucleo-f401re_stdperiph_lib.a(stm32f4xx_rcc.o)
 .debug_frame   0x000015fc      0xe54 C:\work\workspace_stm\nucleo-f401re_stdperiph_lib\Debug\libnucleo-f401re_stdperiph_lib.a(stm32f4xx_tim.o)
 .debug_frame   0x00002450      0x490 C:\work\workspace_stm\nucleo-f401re_stdperiph_lib\Debug\libnucleo-f401re_stdperiph_lib.a(stm32f4xx_usart.o)
 .debug_frame   0x000028e0       0x2c c:/ac6/systemworkbench/plugins/fr.ac6.mcu.externaltools.arm-none.win32_1.17.0.201812190825/tools/compiler/bin/../lib/gcc/arm-none-eabi/7.3.1/../../../../arm-none-eabi/lib/thumb/v7e-m/fpv4-sp/hard\libc.a(lib_a-init.o)
 .debug_frame   0x0000290c       0x38 c:/ac6/systemworkbench/plugins/fr.ac6.mcu.externaltools.arm-none.win32_1.17.0.201812190825/tools/compiler/bin/../lib/gcc/arm-none-eabi/7.3.1/../../../../arm-none-eabi/lib/thumb/v7e-m/fpv4-sp/hard\libc.a(lib_a-memset.o)
 .debug_frame   0x00002944       0x5c c:/ac6/systemworkbench/plugins/fr.ac6.mcu.externaltools.arm-none.win32_1.17.0.201812190825/tools/compiler/bin/../lib/gcc/arm-none-eabi/7.3.1/../../../../arm-none-eabi/lib/thumb/v7e-m/fpv4-sp/hard\libc.a(lib_a-__call_atexit.o)
 .debug_frame   0x000029a0       0x20 c:/ac6/systemworkbench/plugins/fr.ac6.mcu.externaltools.arm-none.win32_1.17.0.201812190825/tools/compiler/bin/../lib/gcc/arm-none-eabi/7.3.1/../../../../arm-none-eabi/lib/thumb/v7e-m/fpv4-sp/hard\libc.a(lib_a-atexit.o)
 .debug_frame   0x000029c0       0x34 c:/ac6/systemworkbench/plugins/fr.ac6.mcu.externaltools.arm-none.win32_1.17.0.201812190825/tools/compiler/bin/../lib/gcc/arm-none-eabi/7.3.1/../../../../arm-none-eabi/lib/thumb/v7e-m/fpv4-sp/hard\libc.a(lib_a-fini.o)
 .debug_frame   0x000029f4       0xb0 c:/ac6/systemworkbench/plugins/fr.ac6.mcu.externaltools.arm-none.win32_1.17.0.201812190825/tools/compiler/bin/../lib/gcc/arm-none-eabi/7.3.1/../../../../arm-none-eabi/lib/thumb/v7e-m/fpv4-sp/hard\libc.a(lib_a-lock.o)
 .debug_frame   0x00002aa4       0x34 c:/ac6/systemworkbench/plugins/fr.ac6.mcu.externaltools.arm-none.win32_1.17.0.201812190825/tools/compiler/bin/../lib/gcc/arm-none-eabi/7.3.1/../../../../arm-none-eabi/lib/thumb/v7e-m/fpv4-sp/hard\libc.a(lib_a-__atexit.o)
