Archive member included to satisfy reference by file (symbol)

C:\work\workspace_stm\nucleo-f401re_stdperiph_lib\Debug\libnucleo-f401re_stdperiph_lib.a(misc.o)
                              src/adc.o (NVIC_PriorityGroupConfig)
C:\work\workspace_stm\nucleo-f401re_stdperiph_lib\Debug\libnucleo-f401re_stdperiph_lib.a(stm32f4xx_adc.o)
                              src/adc.o (ADC_Init)
C:\work\workspace_stm\nucleo-f401re_stdperiph_lib\Debug\libnucleo-f401re_stdperiph_lib.a(stm32f4xx_dma.o)
                              src/adc.o (DMA_Init)
C:\work\workspace_stm\nucleo-f401re_stdperiph_lib\Debug\libnucleo-f401re_stdperiph_lib.a(stm32f4xx_gpio.o)
                              src/adc.o (GPIO_Init)
C:\work\workspace_stm\nucleo-f401re_stdperiph_lib\Debug\libnucleo-f401re_stdperiph_lib.a(stm32f4xx_i2c.o)
                              src/fv_i2c.o (I2C_Init)
C:\work\workspace_stm\nucleo-f401re_stdperiph_lib\Debug\libnucleo-f401re_stdperiph_lib.a(stm32f4xx_rcc.o)
                              src/test.o (RCC_GetClocksFreq)
C:\work\workspace_stm\nucleo-f401re_stdperiph_lib\Debug\libnucleo-f401re_stdperiph_lib.a(stm32f4xx_tim.o)
                              src/timer.o (TIM_TimeBaseInit)
C:\work\workspace_stm\nucleo-f401re_stdperiph_lib\Debug\libnucleo-f401re_stdperiph_lib.a(stm32f4xx_usart.o)
                              src/uart.o (USART_Init)
c:/ac6/systemworkbench/plugins/fr.ac6.mcu.externaltools.arm-none.win32_1.17.0.201812190825/tools/compiler/bin/../lib/gcc/arm-none-eabi/7.3.1/../../../../arm-none-eabi/lib/thumb/v7e-m/fpv4-sp/hard\libc.a(lib_a-errno.o)
                              src/syscalls.o (__errno)
c:/ac6/systemworkbench/plugins/fr.ac6.mcu.externaltools.arm-none.win32_1.17.0.201812190825/tools/compiler/bin/../lib/gcc/arm-none-eabi/7.3.1/../../../../arm-none-eabi/lib/thumb/v7e-m/fpv4-sp/hard\libc.a(lib_a-exit.o)
                              c:/ac6/systemworkbench/plugins/fr.ac6.mcu.externaltools.arm-none.win32_1.17.0.201812190825/tools/compiler/bin/../lib/gcc/arm-none-eabi/7.3.1/../../../../arm-none-eabi/lib/thumb/v7e-m/fpv4-sp/hard/crt0.o (exit)
c:/ac6/systemworkbench/plugins/fr.ac6.mcu.externaltools.arm-none.win32_1.17.0.201812190825/tools/compiler/bin/../lib/gcc/arm-none-eabi/7.3.1/../../../../arm-none-eabi/lib/thumb/v7e-m/fpv4-sp/hard\libc.a(lib_a-impure.o)
                              c:/ac6/systemworkbench/plugins/fr.ac6.mcu.externaltools.arm-none.win32_1.17.0.201812190825/tools/compiler/bin/../lib/gcc/arm-none-eabi/7.3.1/../../../../arm-none-eabi/lib/thumb/v7e-m/fpv4-sp/hard\libc.a(lib_a-exit.o) (_global_impure_ptr)
c:/ac6/systemworkbench/plugins/fr.ac6.mcu.externaltools.arm-none.win32_1.17.0.201812190825/tools/compiler/bin/../lib/gcc/arm-none-eabi/7.3.1/../../../../arm-none-eabi/lib/thumb/v7e-m/fpv4-sp/hard\libc.a(lib_a-init.o)
                              c:/ac6/systemworkbench/plugins/fr.ac6.mcu.externaltools.arm-none.win32_1.17.0.201812190825/tools/compiler/bin/../lib/gcc/arm-none-eabi/7.3.1/../../../../arm-none-eabi/lib/thumb/v7e-m/fpv4-sp/hard/crt0.o (__libc_init_array)
c:/ac6/systemworkbench/plugins/fr.ac6.mcu.externaltools.arm-none.win32_1.17.0.201812190825/tools/compiler/bin/../lib/gcc/arm-none-eabi/7.3.1/../../../../arm-none-eabi/lib/thumb/v7e-m/fpv4-sp/hard\libc.a(lib_a-memset.o)
                              c:/ac6/systemworkbench/plugins/fr.ac6.mcu.externaltools.arm-none.win32_1.17.0.201812190825/tools/compiler/bin/../lib/gcc/arm-none-eabi/7.3.1/../../../../arm-none-eabi/lib/thumb/v7e-m/fpv4-sp/hard/crt0.o (memset)
c:/ac6/systemworkbench/plugins/fr.ac6.mcu.externaltools.arm-none.win32_1.17.0.201812190825/tools/compiler/bin/../lib/gcc/arm-none-eabi/7.3.1/../../../../arm-none-eabi/lib/thumb/v7e-m/fpv4-sp/hard\libc.a(lib_a-__call_atexit.o)
                              c:/ac6/systemworkbench/plugins/fr.ac6.mcu.externaltools.arm-none.win32_1.17.0.201812190825/tools/compiler/bin/../lib/gcc/arm-none-eabi/7.3.1/../../../../arm-none-eabi/lib/thumb/v7e-m/fpv4-sp/hard\libc.a(lib_a-exit.o) (__call_exitprocs)
c:/ac6/systemworkbench/plugins/fr.ac6.mcu.externaltools.arm-none.win32_1.17.0.201812190825/tools/compiler/bin/../lib/gcc/arm-none-eabi/7.3.1/../../../../arm-none-eabi/lib/thumb/v7e-m/fpv4-sp/hard\libc.a(lib_a-atexit.o)
                              c:/ac6/systemworkbench/plugins/fr.ac6.mcu.externaltools.arm-none.win32_1.17.0.201812190825/tools/compiler/bin/../lib/gcc/arm-none-eabi/7.3.1/../../../../arm-none-eabi/lib/thumb/v7e-m/fpv4-sp/hard\libc.a(lib_a-__call_atexit.o) (atexit)
c:/ac6/systemworkbench/plugins/fr.ac6.mcu.externaltools.arm-none.win32_1.17.0.201812190825/tools/compiler/bin/../lib/gcc/arm-none-eabi/7.3.1/../../../../arm-none-eabi/lib/thumb/v7e-m/fpv4-sp/hard\libc.a(lib_a-fini.o)
                              c:/ac6/systemworkbench/plugins/fr.ac6.mcu.externaltools.arm-none.win32_1.17.0.201812190825/tools/compiler/bin/../lib/gcc/arm-none-eabi/7.3.1/../../../../arm-none-eabi/lib/thumb/v7e-m/fpv4-sp/hard\libc.a(lib_a-__call_atexit.o) (__libc_fini_array)
[...]
Memory Configuration

Name             Origin             Length             Attributes
FLASH            0x08000000         0x00080000         xr
RAM              0x20000000         0x00018000         xrw
*default*        0x00000000         0xffffffff

Linker script and memory map

LOAD c:/ac6/systemworkbench/plugins/fr.ac6.mcu.externaltools.arm-none.win32_1.17.0.201812190825/tools/compiler/bin/../lib/gcc/arm-none-eabi/7.3.1/thumb/v7e-m/fpv4-sp/hard/crti.o
LOAD c:/ac6/systemworkbench/plugins/fr.ac6.mcu.externaltools.arm-none.win32_1.17.0.201812190825/tools/compiler/bin/../lib/gcc/arm-none-eabi/7.3.1/thumb/v7e-m/fpv4-sp/hard/crtbegin.o
LOAD c:/ac6/systemworkbench/plugins/fr.ac6.mcu.externaltools.arm-none.win32_1.17.0.201812190825/tools/compiler/bin/../lib/gcc/arm-none-eabi/7.3.1/../../../../arm-none-eabi/lib/thumb/v7e-m/fpv4-sp/hard/crt0.o
LOAD src/adc.o
LOAD src/fv_i2c.o
LOAD src/led_matrix.o
LOAD src/main.o
LOAD src/mcp23017.o
LOAD src/syscalls.o
LOAD src/system_stm32f4xx.o
LOAD src/test.o
LOAD src/timer.o
LOAD src/uart.o
LOAD startup/startup_stm32f401xx.o
LOAD C:\work\workspace_stm\nucleo-f401re_stdperiph_lib\Debug\libnucleo-f401re_stdperiph_lib.a
LOAD c:/ac6/systemworkbench/plugins/fr.ac6.mcu.externaltools.arm-none.win32_1.17.0.201812190825/tools/compiler/bin/../lib/gcc/arm-none-eabi/7.3.1/../../../../arm-none-eabi/lib/thumb/v7e-m/fpv4-sp/hard\libm.a
START GROUP
LOAD c:/ac6/systemworkbench/plugins/fr.ac6.mcu.externaltools.arm-none.win32_1.17.0.201812190825/tools/compiler/bin/../lib/gcc/arm-none-eabi/7.3.1/thumb/v7e-m/fpv4-sp/hard\libgcc.a
LOAD c:/ac6/systemworkbench/plugins/fr.ac6.mcu.externaltools.arm-none.win32_1.17.0.201812190825/tools/compiler/bin/../lib/gcc/arm-none-eabi/7.3.1/../../../../arm-none-eabi/lib/thumb/v7e-m/fpv4-sp/hard\libc.a
END GROUP
LOAD c:/ac6/systemworkbench/plugins/fr.ac6.mcu.externaltools.arm-none.win32_1.17.0.201812190825/tools/compiler/bin/../lib/gcc/arm-none-eabi/7.3.1/thumb/v7e-m/fpv4-sp/hard/crtend.o
LOAD c:/ac6/systemworkbench/plugins/fr.ac6.mcu.externaltools.arm-none.win32_1.17.0.201812190825/tools/compiler/bin/../lib/gcc/arm-none-eabi/7.3.1/thumb/v7e-m/fpv4-sp/hard/crtn.o
                0x20018000                _estack = 0x20018000
                0x00000200                _Min_Heap_Size = 0x200
                0x00000400                _Min_Stack_Size = 0x400

.isr_vector     0x08000000      0x194
                0x08000000                . = ALIGN (0x4)
 *(.isr_vector)
 .isr_vector    0x08000000      0x194 startup/startup_stm32f401xx.o
                0x08000000                g_pfnVectors
                0x08000194                . = ALIGN (0x4)

.text           0x08000194     0x2724
                0x08000194                . = ALIGN (0x4)
 *(.text)
 .text          0x08000194       0x40 c:/ac6/systemworkbench/plugins/fr.ac6.mcu.externaltools.arm-none.win32_1.17.0.201812190825/tools/compiler/bin/../lib/gcc/arm-none-eabi/7.3.1/thumb/v7e-m/fpv4-sp/hard/crtbegin.o
 *(.text*)
 .text.NVIC_EnableIRQ
                0x080001d4       0x34 src/adc.o
 .text.DMA_Config
                0x08000208       0xa0 src/adc.o
                0x08000208                DMA_Config
 .text.ADC_fv_Init
                0x080002a8      0x13c src/adc.o
                0x080002a8                ADC_fv_Init
 .text.ADC_IRQHandler
                0x080003e4       0x64 src/adc.o
                0x080003e4                ADC_IRQHandler
 .text.ADC_fv_Return_Avg
                0x08000448       0x68 src/adc.o
                0x08000448                ADC_fv_Return_Avg
 .text.DMA2_Stream0_IRQHandler
                0x080004b0       0x54 src/adc.o
                0x080004b0                DMA2_Stream0_IRQHandler
 .text.DMA_NVIC_Configuration
                0x08000504       0x2e src/adc.o
                0x08000504                DMA_NVIC_Configuration
 *fill*         0x08000532        0x2 
 .text.I2C_fv_init
                0x08000534       0xf0 src/fv_i2c.o
                0x08000534                I2C_fv_init
 .text.I2C_write_nbyte
                0x08000624      0x1e4 src/fv_i2c.o
                0x08000624                I2C_write_nbyte
 .text.LedMatrix_advanceColumn
                0x08000808       0x2c src/led_matrix.o
                0x08000808                LedMatrix_advanceColumn
 .text.LedMatrix_setRow
                0x08000834       0x30 src/led_matrix.o
                0x08000834                LedMatrix_setRow
 .text.LedMatrix_getColumn
                0x08000864       0x20 src/led_matrix.o
                0x08000864                LedMatrix_getColumn
 .text.LedMatrix_getValue
                0x08000884       0x20 src/led_matrix.o
                0x08000884                LedMatrix_getValue
 .text.LedMatrix_writeNumber
                0x080008a4      0x31c src/led_matrix.o
                0x080008a4                LedMatrix_writeNumber
 .text.main     0x08000bc0      0x100 src/main.o
                0x08000bc0                main
 .text.SysTick_Handler
                0x08000cc0       0x4c src/main.o
                0x08000cc0                SysTick_Handler
 .text._handleChaneData
                0x08000d0c       0x34 src/main.o
 .text.Mcp_setInit
                0x08000d40       0xf8 src/mcp23017.o
                0x08000d40                Mcp_setInit
 .text.Mcp_writeToOutputA
                0x08000e38       0x48 src/mcp23017.o
                0x08000e38                Mcp_writeToOutputA
 .text.Mcp_writeToOutput_both
                0x08000e80       0x5c src/mcp23017.o
                0x08000e80                Mcp_writeToOutput_both
 .text.SystemInit
                0x08000edc       0x6c src/system_stm32f4xx.o
                0x08000edc                SystemInit
 .text.SetSysClock
                0x08000f48       0xf4 src/system_stm32f4xx.o
 .text.NVIC_SetPriority
                0x0800103c       0x54 src/test.o
 .text.SysTick_Config
                0x08001090       0x44 src/test.o
 .text.initLed  0x080010d4       0x40 src/test.o
                0x080010d4                initLed
 .text.setSysTick
                0x08001114       0x30 src/test.o
                0x08001114                setSysTick
 .text.NVIC_EnableIRQ
                0x08001144       0x34 src/timer.o
 .text.TIM2_Configuration
                0x08001178       0x70 src/timer.o
                0x08001178                TIM2_Configuration
 .text.TIM3_Configuration
                0x080011e8       0x68 src/timer.o
                0x080011e8                TIM3_Configuration
 .text.NVIC_Configuration
                0x08001250       0x36 src/timer.o
 *fill*         0x08001286        0x2 
 .text.TIM2_IRQHandler
                0x08001288       0x2c src/timer.o
                0x08001288                TIM2_IRQHandler
 .text.TIM5_IRQHandler
                0x080012b4       0x24 src/timer.o
                0x080012b4                TIM5_IRQHandler
 .text.USART2_IRQHandler
                0x080012d8       0x54 src/uart.o
                0x080012d8                USART2_IRQHandler
 .text.Reset_Handler
                0x0800132c       0x48 startup/startup_stm32f401xx.o
                0x0800132c                Reset_Handler
 .text.Default_Handler
                0x08001374        0x2 startup/startup_stm32f401xx.o
                0x08001374                RTC_Alarm_IRQHandler
                0x08001374                EXTI2_IRQHandler
                0x08001374                DebugMon_Handler
                0x08001374                SPI4_IRQHandler
                0x08001374                TIM1_CC_IRQHandler
                0x08001374                DMA2_Stream5_IRQHandler
                0x08001374                HardFault_Handler
                0x08001374                DMA1_Stream5_IRQHandler
                0x08001374                PVD_IRQHandler
                0x08001374                SDIO_IRQHandler
                0x08001374                TAMP_STAMP_IRQHandler
                0x08001374                PendSV_Handler
                0x08001374                NMI_Handler
                0x08001374                EXTI3_IRQHandler
                0x08001374                TIM1_UP_TIM10_IRQHandler
                0x08001374                I2C3_ER_IRQHandler
                0x08001374                EXTI0_IRQHandler
                0x08001374                I2C2_EV_IRQHandler
                0x08001374                DMA1_Stream2_IRQHandler
                0x08001374                FPU_IRQHandler
                0x08001374                UsageFault_Handler
                0x08001374                DMA2_Stream2_IRQHandler
                0x08001374                SPI1_IRQHandler
                0x08001374                TIM1_BRK_TIM9_IRQHandler
                0x08001374                DMA2_Stream3_IRQHandler
                0x08001374                USART6_IRQHandler
                0x08001374                TIM4_IRQHandler
                0x08001374                I2C1_EV_IRQHandler
                0x08001374                DMA1_Stream6_IRQHandler
                0x08001374                DMA1_Stream1_IRQHandler
                0x08001374                TIM3_IRQHandler
                0x08001374                RCC_IRQHandler
                0x08001374                Default_Handler
                0x08001374                EXTI15_10_IRQHandler
                0x08001374                DMA1_Stream7_IRQHandler
                0x08001374                DMA2_Stream7_IRQHandler
                0x08001374                I2C3_EV_IRQHandler
                0x08001374                EXTI9_5_IRQHandler
                0x08001374                RTC_WKUP_IRQHandler
                0x08001374                SPI2_IRQHandler
                0x08001374                MemManage_Handler
                0x08001374                DMA1_Stream0_IRQHandler
                0x08001374                SVC_Handler
                0x08001374                EXTI4_IRQHandler
                0x08001374                WWDG_IRQHandler
                0x08001374                OTG_FS_WKUP_IRQHandler
                0x08001374                TIM1_TRG_COM_TIM11_IRQHandler
                0x08001374                EXTI1_IRQHandler
                0x08001374                I2C2_ER_IRQHandler
                0x08001374                DMA2_Stream1_IRQHandler
                0x08001374                FLASH_IRQHandler
                0x08001374                DMA2_Stream4_IRQHandler
                0x08001374                BusFault_Handler
                0x08001374                USART1_IRQHandler
                0x08001374                OTG_FS_IRQHandler
                0x08001374                SPI3_IRQHandler
                0x08001374                DMA1_Stream4_IRQHandler
                0x08001374                I2C1_ER_IRQHandler
                0x08001374                DMA2_Stream6_IRQHandler
                0x08001374                DMA1_Stream3_IRQHandler
 *fill*         0x08001376        0x2 
 .text.NVIC_PriorityGroupConfig
                0x08001378       0x28 C:\work\workspace_stm\nucleo-f401re_stdperiph_lib\Debug\libnucleo-f401re_stdperiph_lib.a(misc.o)
                0x08001378                NVIC_PriorityGroupConfig
 .text.NVIC_Init
                0x080013a0       0xc4 C:\work\workspace_stm\nucleo-f401re_stdperiph_lib\Debug\libnucleo-f401re_stdperiph_lib.a(misc.o)
                0x080013a0                NVIC_Init
 .text.ADC_Init
                0x08001464       0xac C:\work\workspace_stm\nucleo-f401re_stdperiph_lib\Debug\libnucleo-f401re_stdperiph_lib.a(stm32f4xx_adc.o)
                0x08001464                ADC_Init
 .text.ADC_StructInit
                0x08001510       0x3e C:\work\workspace_stm\nucleo-f401re_stdperiph_lib\Debug\libnucleo-f401re_stdperiph_lib.a(stm32f4xx_adc.o)
                0x08001510                ADC_StructInit
 *fill*         0x0800154e        0x2 
 .text.ADC_CommonInit
                0x08001550       0x50 C:\work\workspace_stm\nucleo-f401re_stdperiph_lib\Debug\libnucleo-f401re_stdperiph_lib.a(stm32f4xx_adc.o)
                0x08001550                ADC_CommonInit
 .text.ADC_CommonStructInit
                0x080015a0       0x2c C:\work\workspace_stm\nucleo-f401re_stdperiph_lib\Debug\libnucleo-f401re_stdperiph_lib.a(stm32f4xx_adc.o)
                0x080015a0                ADC_CommonStructInit
 .text.ADC_Cmd  0x080015cc       0x38 C:\work\workspace_stm\nucleo-f401re_stdperiph_lib\Debug\libnucleo-f401re_stdperiph_lib.a(stm32f4xx_adc.o)
                0x080015cc                ADC_Cmd
 .text.ADC_RegularChannelConfig
                0x08001604      0x194 C:\work\workspace_stm\nucleo-f401re_stdperiph_lib\Debug\libnucleo-f401re_stdperiph_lib.a(stm32f4xx_adc.o)
                0x08001604                ADC_RegularChannelConfig
 .text.ADC_GetConversionValue
                0x08001798       0x1a C:\work\workspace_stm\nucleo-f401re_stdperiph_lib\Debug\libnucleo-f401re_stdperiph_lib.a(stm32f4xx_adc.o)
                0x08001798                ADC_GetConversionValue
 .text.ADC_DMACmd
                0x080017b2       0x38 C:\work\workspace_stm\nucleo-f401re_stdperiph_lib\Debug\libnucleo-f401re_stdperiph_lib.a(stm32f4xx_adc.o)
                0x080017b2                ADC_DMACmd
 .text.ADC_DMARequestAfterLastTransferCmd
                0x080017ea       0x38 C:\work\workspace_stm\nucleo-f401re_stdperiph_lib\Debug\libnucleo-f401re_stdperiph_lib.a(stm32f4xx_adc.o)
                0x080017ea                ADC_DMARequestAfterLastTransferCmd
 .text.ADC_ITConfig
                0x08001822       0x52 C:\work\workspace_stm\nucleo-f401re_stdperiph_lib\Debug\libnucleo-f401re_stdperiph_lib.a(stm32f4xx_adc.o)
                0x08001822                ADC_ITConfig
 .text.ADC_GetITStatus
                0x08001874       0x5c C:\work\workspace_stm\nucleo-f401re_stdperiph_lib\Debug\libnucleo-f401re_stdperiph_lib.a(stm32f4xx_adc.o)
                0x08001874                ADC_GetITStatus
 .text.ADC_ClearITPendingBit
                0x080018d0       0x2c C:\work\workspace_stm\nucleo-f401re_stdperiph_lib\Debug\libnucleo-f401re_stdperiph_lib.a(stm32f4xx_adc.o)
                0x080018d0                ADC_ClearITPendingBit
 .text.DMA_Init
                0x080018fc       0xb0 C:\work\workspace_stm\nucleo-f401re_stdperiph_lib\Debug\libnucleo-f401re_stdperiph_lib.a(stm32f4xx_dma.o)
                0x080018fc                DMA_Init
 .text.DMA_Cmd  0x080019ac       0x38 C:\work\workspace_stm\nucleo-f401re_stdperiph_lib\Debug\libnucleo-f401re_stdperiph_lib.a(stm32f4xx_dma.o)
                0x080019ac                DMA_Cmd
 .text.DMA_ITConfig
                0x080019e4       0x74 C:\work\workspace_stm\nucleo-f401re_stdperiph_lib\Debug\libnucleo-f401re_stdperiph_lib.a(stm32f4xx_dma.o)
                0x080019e4                DMA_ITConfig
 .text.DMA_GetITStatus
                0x08001a58       0xb0 C:\work\workspace_stm\nucleo-f401re_stdperiph_lib\Debug\libnucleo-f401re_stdperiph_lib.a(stm32f4xx_dma.o)
                0x08001a58                DMA_GetITStatus
 .text.DMA_ClearITPendingBit
                0x08001b08       0x5c C:\work\workspace_stm\nucleo-f401re_stdperiph_lib\Debug\libnucleo-f401re_stdperiph_lib.a(stm32f4xx_dma.o)
                0x08001b08                DMA_ClearITPendingBit
 .text.GPIO_Init
                0x08001b64      0x11c C:\work\workspace_stm\nucleo-f401re_stdperiph_lib\Debug\libnucleo-f401re_stdperiph_lib.a(stm32f4xx_gpio.o)
                0x08001b64                GPIO_Init
 .text.GPIO_StructInit
                0x08001c80       0x34 C:\work\workspace_stm\nucleo-f401re_stdperiph_lib\Debug\libnucleo-f401re_stdperiph_lib.a(stm32f4xx_gpio.o)
                0x08001c80                GPIO_StructInit
 .text.GPIO_WriteBit
                0x08001cb4       0x30 C:\work\workspace_stm\nucleo-f401re_stdperiph_lib\Debug\libnucleo-f401re_stdperiph_lib.a(stm32f4xx_gpio.o)
                0x08001cb4                GPIO_WriteBit
 .text.GPIO_ToggleBits
                0x08001ce4       0x24 C:\work\workspace_stm\nucleo-f401re_stdperiph_lib\Debug\libnucleo-f401re_stdperiph_lib.a(stm32f4xx_gpio.o)
                0x08001ce4                GPIO_ToggleBits
 .text.GPIO_PinAFConfig
                0x08001d08       0x92 C:\work\workspace_stm\nucleo-f401re_stdperiph_lib\Debug\libnucleo-f401re_stdperiph_lib.a(stm32f4xx_gpio.o)
                0x08001d08                GPIO_PinAFConfig
 *fill*         0x08001d9a        0x2 
 .text.I2C_Init
                0x08001d9c      0x184 C:\work\workspace_stm\nucleo-f401re_stdperiph_lib\Debug\libnucleo-f401re_stdperiph_lib.a(stm32f4xx_i2c.o)
                0x08001d9c                I2C_Init
 .text.I2C_StructInit
                0x08001f20       0x3e C:\work\workspace_stm\nucleo-f401re_stdperiph_lib\Debug\libnucleo-f401re_stdperiph_lib.a(stm32f4xx_i2c.o)
                0x08001f20                I2C_StructInit
 .text.I2C_Cmd  0x08001f5e       0x40 C:\work\workspace_stm\nucleo-f401re_stdperiph_lib\Debug\libnucleo-f401re_stdperiph_lib.a(stm32f4xx_i2c.o)
                0x08001f5e                I2C_Cmd
 .text.I2C_GenerateSTART
                0x08001f9e       0x40 C:\work\workspace_stm\nucleo-f401re_stdperiph_lib\Debug\libnucleo-f401re_stdperiph_lib.a(stm32f4xx_i2c.o)
                0x08001f9e                I2C_GenerateSTART
 .text.I2C_GenerateSTOP
                0x08001fde       0x40 C:\work\workspace_stm\nucleo-f401re_stdperiph_lib\Debug\libnucleo-f401re_stdperiph_lib.a(stm32f4xx_i2c.o)
                0x08001fde                I2C_GenerateSTOP
 .text.I2C_Send7bitAddress
                0x0800201e       0x3c C:\work\workspace_stm\nucleo-f401re_stdperiph_lib\Debug\libnucleo-f401re_stdperiph_lib.a(stm32f4xx_i2c.o)
                0x0800201e                I2C_Send7bitAddress
 .text.I2C_AcknowledgeConfig
                0x0800205a       0x40 C:\work\workspace_stm\nucleo-f401re_stdperiph_lib\Debug\libnucleo-f401re_stdperiph_lib.a(stm32f4xx_i2c.o)
                0x0800205a                I2C_AcknowledgeConfig
 .text.I2C_SendData
                0x0800209a       0x20 C:\work\workspace_stm\nucleo-f401re_stdperiph_lib\Debug\libnucleo-f401re_stdperiph_lib.a(stm32f4xx_i2c.o)
                0x0800209a                I2C_SendData
 .text.I2C_CheckEvent
                0x080020ba       0x60 C:\work\workspace_stm\nucleo-f401re_stdperiph_lib\Debug\libnucleo-f401re_stdperiph_lib.a(stm32f4xx_i2c.o)
                0x080020ba                I2C_CheckEvent
 .text.I2C_GetFlagStatus
                0x0800211a       0x66 C:\work\workspace_stm\nucleo-f401re_stdperiph_lib\Debug\libnucleo-f401re_stdperiph_lib.a(stm32f4xx_i2c.o)
                0x0800211a                I2C_GetFlagStatus
 .text.RCC_GetClocksFreq
                0x08002180      0x150 C:\work\workspace_stm\nucleo-f401re_stdperiph_lib\Debug\libnucleo-f401re_stdperiph_lib.a(stm32f4xx_rcc.o)
                0x08002180                RCC_GetClocksFreq
 .text.RCC_AHB1PeriphClockCmd
                0x080022d0       0x40 C:\work\workspace_stm\nucleo-f401re_stdperiph_lib\Debug\libnucleo-f401re_stdperiph_lib.a(stm32f4xx_rcc.o)
                0x080022d0                RCC_AHB1PeriphClockCmd
 .text.RCC_APB1PeriphClockCmd
                0x08002310       0x40 C:\work\workspace_stm\nucleo-f401re_stdperiph_lib\Debug\libnucleo-f401re_stdperiph_lib.a(stm32f4xx_rcc.o)
                0x08002310                RCC_APB1PeriphClockCmd
 .text.RCC_APB2PeriphClockCmd
                0x08002350       0x40 C:\work\workspace_stm\nucleo-f401re_stdperiph_lib\Debug\libnucleo-f401re_stdperiph_lib.a(stm32f4xx_rcc.o)
                0x08002350                RCC_APB2PeriphClockCmd
 .text.TIM_TimeBaseInit
                0x08002390       0xd8 C:\work\workspace_stm\nucleo-f401re_stdperiph_lib\Debug\libnucleo-f401re_stdperiph_lib.a(stm32f4xx_tim.o)
                0x08002390                TIM_TimeBaseInit
 .text.TIM_TimeBaseStructInit
                0x08002468       0x34 C:\work\workspace_stm\nucleo-f401re_stdperiph_lib\Debug\libnucleo-f401re_stdperiph_lib.a(stm32f4xx_tim.o)
                0x08002468                TIM_TimeBaseStructInit
 .text.TIM_Cmd  0x0800249c       0x40 C:\work\workspace_stm\nucleo-f401re_stdperiph_lib\Debug\libnucleo-f401re_stdperiph_lib.a(stm32f4xx_tim.o)
                0x0800249c                TIM_Cmd
 .text.TIM_ITConfig
                0x080024dc       0x48 C:\work\workspace_stm\nucleo-f401re_stdperiph_lib\Debug\libnucleo-f401re_stdperiph_lib.a(stm32f4xx_tim.o)
                0x080024dc                TIM_ITConfig
 .text.TIM_GetITStatus
                0x08002524       0x54 C:\work\workspace_stm\nucleo-f401re_stdperiph_lib\Debug\libnucleo-f401re_stdperiph_lib.a(stm32f4xx_tim.o)
                0x08002524                TIM_GetITStatus
 .text.TIM_ClearITPendingBit
                0x08002578       0x22 C:\work\workspace_stm\nucleo-f401re_stdperiph_lib\Debug\libnucleo-f401re_stdperiph_lib.a(stm32f4xx_tim.o)
                0x08002578                TIM_ClearITPendingBit
 .text.TIM_SelectOutputTrigger
                0x0800259a       0x38 C:\work\workspace_stm\nucleo-f401re_stdperiph_lib\Debug\libnucleo-f401re_stdperiph_lib.a(stm32f4xx_tim.o)
                0x0800259a                TIM_SelectOutputTrigger
 .text.USART_ReceiveData
                0x080025d2       0x20 C:\work\workspace_stm\nucleo-f401re_stdperiph_lib\Debug\libnucleo-f401re_stdperiph_lib.a(stm32f4xx_usart.o)
                0x080025d2                USART_ReceiveData
 .text.USART_GetITStatus
                0x080025f2       0xb6 C:\work\workspace_stm\nucleo-f401re_stdperiph_lib\Debug\libnucleo-f401re_stdperiph_lib.a(stm32f4xx_usart.o)
                0x080025f2                USART_GetITStatus
 .text.__libc_init_array
                0x080026a8       0x48 c:/ac6/systemworkbench/plugins/fr.ac6.mcu.externaltools.arm-none.win32_1.17.0.201812190825/tools/compiler/bin/../lib/gcc/arm-none-eabi/7.3.1/../../../../arm-none-eabi/lib/thumb/v7e-m/fpv4-sp/hard\libc.a(lib_a-init.o)
                0x080026a8                __libc_init_array
 .text.memset   0x080026f0       0x94 c:/ac6/systemworkbench/plugins/fr.ac6.mcu.externaltools.arm-none.win32_1.17.0.201812190825/tools/compiler/bin/../lib/gcc/arm-none-eabi/7.3.1/../../../../arm-none-eabi/lib/thumb/v7e-m/fpv4-sp/hard\libc.a(lib_a-memset.o)
                0x080026f0                memset
 .text.startup.register_fini
                0x08002784       0x14 c:/ac6/systemworkbench/plugins/fr.ac6.mcu.externaltools.arm-none.win32_1.17.0.201812190825/tools/compiler/bin/../lib/gcc/arm-none-eabi/7.3.1/../../../../arm-none-eabi/lib/thumb/v7e-m/fpv4-sp/hard\libc.a(lib_a-__call_atexit.o)
 .text.atexit   0x08002798        0xc c:/ac6/systemworkbench/plugins/fr.ac6.mcu.externaltools.arm-none.win32_1.17.0.201812190825/tools/compiler/bin/../lib/gcc/arm-none-eabi/7.3.1/../../../../arm-none-eabi/lib/thumb/v7e-m/fpv4-sp/hard\libc.a(lib_a-atexit.o)
                0x08002798                atexit
 .text.__libc_fini_array
                0x080027a4       0x34 c:/ac6/systemworkbench/plugins/fr.ac6.mcu.externaltools.arm-none.win32_1.17.0.201812190825/tools/compiler/bin/../lib/gcc/arm-none-eabi/7.3.1/../../../../arm-none-eabi/lib/thumb/v7e-m/fpv4-sp/hard\libc.a(lib_a-fini.o)
                0x080027a4                __libc_fini_array
 .text.__retarget_lock_acquire_recursive
                0x080027d8        0x4 c:/ac6/systemworkbench/plugins/fr.ac6.mcu.externaltools.arm-none.win32_1.17.0.201812190825/tools/compiler/bin/../lib/gcc/arm-none-eabi/7.3.1/../../../../arm-none-eabi/lib/thumb/v7e-m/fpv4-sp/hard\libc.a(lib_a-lock.o)
                0x080027d8                __retarget_lock_acquire_recursive
 .text.__retarget_lock_release_recursive
                0x080027dc        0x4 c:/ac6/systemworkbench/plugins/fr.ac6.mcu.externaltools.arm-none.win32_1.17.0.201812190825/tools/compiler/bin/../lib/gcc/arm-none-eabi/7.3.1/../../../../arm-none-eabi/lib/thumb/v7e-m/fpv4-sp/hard\libc.a(lib_a-lock.o)
                0x080027dc                __retarget_lock_release_recursive
 .text.__register_exitproc
                0x080027e0       0xc0 c:/ac6/systemworkbench/plugins/fr.ac6.mcu.externaltools.arm-none.win32_1.17.0.201812190825/tools/compiler/bin/../lib/gcc/arm-none-eabi/7.3.1/../../../../arm-none-eabi/lib/thumb/v7e-m/fpv4-sp/hard\libc.a(lib_a-__atexit.o)
                0x080027e0                __register_exitproc
 *(.glue_7)
 .glue_7        0x080028a0        0x0 linker stubs
 *(.glue_7t)
 .glue_7t       0x080028a0        0x0 linker stubs
 *(.eh_frame)
 .eh_frame      0x080028a0        0x0 c:/ac6/systemworkbench/plugins/fr.ac6.mcu.externaltools.arm-none.win32_1.17.0.201812190825/tools/compiler/bin/../lib/gcc/arm-none-eabi/7.3.1/thumb/v7e-m/fpv4-sp/hard/crtbegin.o
 *(.init)
 .init          0x080028a0        0x4 c:/ac6/systemworkbench/plugins/fr.ac6.mcu.externaltools.arm-none.win32_1.17.0.201812190825/tools/compiler/bin/../lib/gcc/arm-none-eabi/7.3.1/thumb/v7e-m/fpv4-sp/hard/crti.o
                0x080028a0                _init
 .init          0x080028a4        0x8 c:/ac6/systemworkbench/plugins/fr.ac6.mcu.externaltools.arm-none.win32_1.17.0.201812190825/tools/compiler/bin/../lib/gcc/arm-none-eabi/7.3.1/thumb/v7e-m/fpv4-sp/hard/crtn.o
 *(.fini)
 .fini          0x080028ac        0x4 c:/ac6/systemworkbench/plugins/fr.ac6.mcu.externaltools.arm-none.win32_1.17.0.201812190825/tools/compiler/bin/../lib/gcc/arm-none-eabi/7.3.1/thumb/v7e-m/fpv4-sp/hard/crti.o
                0x080028ac                _fini
 .fini          0x080028b0        0x8 c:/ac6/systemworkbench/plugins/fr.ac6.mcu.externaltools.arm-none.win32_1.17.0.201812190825/tools/compiler/bin/../lib/gcc/arm-none-eabi/7.3.1/thumb/v7e-m/fpv4-sp/hard/crtn.o
                0x080028b8                . = ALIGN (0x4)
                0x080028b8                _etext = .

.vfp11_veneer   0x080028b8        0x0
 .vfp11_veneer  0x080028b8        0x0 linker stubs

.v4_bx          0x080028b8        0x0
 .v4_bx         0x080028b8        0x0 linker stubs

.iplt           0x080028b8        0x0
 .iplt          0x080028b8        0x0 c:/ac6/systemworkbench/plugins/fr.ac6.mcu.externaltools.arm-none.win32_1.17.0.201812190825/tools/compiler/bin/../lib/gcc/arm-none-eabi/7.3.1/thumb/v7e-m/fpv4-sp/hard/crtbegin.o

.rodata         0x080028b8       0x68
                0x080028b8                . = ALIGN (0x4)
 *(.rodata)
 .rodata        0x080028b8        0x8 src/led_matrix.o
                0x080028b8                column_matrix
 .rodata        0x080028c0        0x2 src/main.o
                0x080028c0                control_onoff
 *fill*         0x080028c2        0x2 
 .rodata        0x080028c4       0x57 src/mcp23017.o
 *(.rodata*)
 *fill*         0x0800291b        0x1 
 .rodata._global_impure_ptr
                0x0800291c        0x4 c:/ac6/systemworkbench/plugins/fr.ac6.mcu.externaltools.arm-none.win32_1.17.0.201812190825/tools/compiler/bin/../lib/gcc/arm-none-eabi/7.3.1/../../../../arm-none-eabi/lib/thumb/v7e-m/fpv4-sp/hard\libc.a(lib_a-impure.o)
                0x0800291c                _global_impure_ptr
                0x08002920                . = ALIGN (0x4)

.rel.dyn        0x08002920        0x0
 .rel.iplt      0x08002920        0x0 c:/ac6/systemworkbench/plugins/fr.ac6.mcu.externaltools.arm-none.win32_1.17.0.201812190825/tools/compiler/bin/../lib/gcc/arm-none-eabi/7.3.1/thumb/v7e-m/fpv4-sp/hard/crtbegin.o

.ARM.extab
 *(.ARM.extab* .gnu.linkonce.armextab.*)

.ARM            0x08002920        0x0
                0x08002920                __exidx_start = .
 *(.ARM.exidx*)
                0x08002920                __exidx_end = .

.preinit_array  0x08002920        0x0
                0x08002920                PROVIDE (__preinit_array_start = .)
 *(.preinit_array*)
                0x08002920                PROVIDE (__preinit_array_end = .)

.init_array     0x08002920        0x8
                0x08002920                PROVIDE (__init_array_start = .)
 *(SORT_BY_NAME(.init_array.*))
 .init_array.00000
                0x08002920        0x4 c:/ac6/systemworkbench/plugins/fr.ac6.mcu.externaltools.arm-none.win32_1.17.0.201812190825/tools/compiler/bin/../lib/gcc/arm-none-eabi/7.3.1/../../../../arm-none-eabi/lib/thumb/v7e-m/fpv4-sp/hard\libc.a(lib_a-__call_atexit.o)
 *(.init_array*)
 .init_array    0x08002924        0x4 c:/ac6/systemworkbench/plugins/fr.ac6.mcu.externaltools.arm-none.win32_1.17.0.201812190825/tools/compiler/bin/../lib/gcc/arm-none-eabi/7.3.1/thumb/v7e-m/fpv4-sp/hard/crtbegin.o
                0x08002928                PROVIDE (__init_array_end = .)

.fini_array     0x08002928        0x4
                0x08002928                PROVIDE (__fini_array_start = .)
 *(SORT_BY_NAME(.fini_array.*))
 *(.fini_array*)
 .fini_array    0x08002928        0x4 c:/ac6/systemworkbench/plugins/fr.ac6.mcu.externaltools.arm-none.win32_1.17.0.201812190825/tools/compiler/bin/../lib/gcc/arm-none-eabi/7.3.1/thumb/v7e-m/fpv4-sp/hard/crtbegin.o
                0x0800292c                PROVIDE (__fini_array_end = .)
                0x0800292c                _sidata = LOADADDR (.data)

.data           0x20000000      0x454 load address 0x0800292c
                0x20000000                . = ALIGN (0x4)
                0x20000000                _sdata = .
 *(.data)
 .data          0x20000000        0x1 src/mcp23017.o
 *fill*         0x20000001        0x3 
 .data          0x20000004       0x14 src/system_stm32f4xx.o
                0x20000004                SystemCoreClock
                0x20000008                AHBPrescTable
 .data          0x20000018       0x10 C:\work\workspace_stm\nucleo-f401re_stdperiph_lib\Debug\libnucleo-f401re_stdperiph_lib.a(stm32f4xx_rcc.o)
 *(.data*)
 .data.impure_data
                0x20000028      0x428 c:/ac6/systemworkbench/plugins/fr.ac6.mcu.externaltools.arm-none.win32_1.17.0.201812190825/tools/compiler/bin/../lib/gcc/arm-none-eabi/7.3.1/../../../../arm-none-eabi/lib/thumb/v7e-m/fpv4-sp/hard\libc.a(lib_a-impure.o)
 .data.__atexit_recursive_mutex
                0x20000450        0x4 c:/ac6/systemworkbench/plugins/fr.ac6.mcu.externaltools.arm-none.win32_1.17.0.201812190825/tools/compiler/bin/../lib/gcc/arm-none-eabi/7.3.1/../../../../arm-none-eabi/lib/thumb/v7e-m/fpv4-sp/hard\libc.a(lib_a-__call_atexit.o)
                0x20000450                __atexit_recursive_mutex
                0x20000454                . = ALIGN (0x4)
                0x20000454                _edata = .

.igot.plt       0x20000454        0x0 load address 0x08002d80
 .igot.plt      0x20000454        0x0 c:/ac6/systemworkbench/plugins/fr.ac6.mcu.externaltools.arm-none.win32_1.17.0.201812190825/tools/compiler/bin/../lib/gcc/arm-none-eabi/7.3.1/thumb/v7e-m/fpv4-sp/hard/crtbegin.o
                0x20000454                . = ALIGN (0x4)

.bss            0x20000454      0x23c load address 0x08002d80
                0x20000454                _sbss = .
                0x20000454                __bss_start__ = _sbss
 *(.bss)
 .bss           0x20000454       0x1c c:/ac6/systemworkbench/plugins/fr.ac6.mcu.externaltools.arm-none.win32_1.17.0.201812190825/tools/compiler/bin/../lib/gcc/arm-none-eabi/7.3.1/thumb/v7e-m/fpv4-sp/hard/crtbegin.o
 .bss           0x20000470        0x3 src/fv_i2c.o
 *fill*         0x20000473        0x1 
 .bss           0x20000474        0xc src/led_matrix.o
 .bss           0x20000480        0x4 src/main.o
 .bss           0x20000484        0x1 src/mcp23017.o
 *(.bss*)
 *(COMMON)
 *fill*         0x20000485        0x3 
 COMMON         0x20000488       0xd4 src/adc.o
                0x20000488                sampleCount
                0x2000048a                writeIndex
                0x2000048c                buffer
                0x20000554                gReadAdcValue
                0x20000556                DMA_HT_event
                0x20000558                gAdvNewVal
                0x2000055a                DMA_FT_event
 COMMON         0x2000055c        0x8 src/fv_i2c.o
                0x2000055c                yI2C
                0x20000560                i2c_timeOut
 COMMON         0x20000564      0x107 src/main.o
                0x20000564                usart_serialReceived
                0x20000565                tim_set
                0x20000566                usart_nrOfByte
                0x20000568                changeOutput
                0x2000056c                usart_rxBuffer
 *fill*         0x2000066b        0x1 
 COMMON         0x2000066c       0x21 c:/ac6/systemworkbench/plugins/fr.ac6.mcu.externaltools.arm-none.win32_1.17.0.201812190825/tools/compiler/bin/../lib/gcc/arm-none-eabi/7.3.1/../../../../arm-none-eabi/lib/thumb/v7e-m/fpv4-sp/hard\libc.a(lib_a-lock.o)
                0x2000066c                __lock___atexit_recursive_mutex
                0x20000670                __lock___arc4random_mutex
                0x20000674                __lock___env_recursive_mutex
                0x20000678                __lock___sinit_recursive_mutex
                0x2000067c                __lock___malloc_recursive_mutex
                0x20000680                __lock___at_quick_exit_mutex
                0x20000684                __lock___dd_hash_mutex
                0x20000688                __lock___tz_mutex
                0x2000068c                __lock___sfp_recursive_mutex
                0x20000690                . = ALIGN (0x4)
 *fill*         0x2000068d        0x3 
                0x20000690                _ebss = .
                0x20000690                __bss_end__ = _ebss

._user_heap_stack
                0x20000690      0x600 load address 0x08002d80
                0x20000690                . = ALIGN (0x8)
                0x20000690                PROVIDE (end = .)
                [!provide]                PROVIDE (_end = .)
                0x20000890                . = (. + _Min_Heap_Size)
 *fill*         0x20000690      0x200 
                0x20000c90                . = (. + _Min_Stack_Size)
 *fill*         0x20000890      0x400 
                0x20000c90                . = ALIGN (0x8)

/DISCARD/
 libc.a(*)
 libm.a(*)
 libgcc.a(*)

.ARM.attributes
                0x00000000       0x30
 *(.ARM.attributes)
 .ARM.attributes
                0x00000000       0x22 c:/ac6/systemworkbench/plugins/fr.ac6.mcu.externaltools.arm-none.win32_1.17.0.201812190825/tools/compiler/bin/../lib/gcc/arm-none-eabi/7.3.1/thumb/v7e-m/fpv4-sp/hard/crti.o
 .ARM.attributes
                0x00000022       0x34 c:/ac6/systemworkbench/plugins/fr.ac6.mcu.externaltools.arm-none.win32_1.17.0.201812190825/tools/compiler/bin/../lib/gcc/arm-none-eabi/7.3.1/thumb/v7e-m/fpv4-sp/hard/crtbegin.o
 .ARM.attributes
                0x00000056       0x39 src/adc.o
 .ARM.attributes
                0x0000008f       0x39 src/fv_i2c.o
 .ARM.attributes
                0x000000c8       0x39 src/led_matrix.o
 .ARM.attributes
                0x00000101       0x39 src/main.o
 .ARM.attributes
                0x0000013a       0x39 src/mcp23017.o
 .ARM.attributes
                0x00000173       0x39 src/system_stm32f4xx.o
 .ARM.attributes
                0x000001ac       0x39 src/test.o
 .ARM.attributes
                0x000001e5       0x39 src/timer.o
 .ARM.attributes
                0x0000021e       0x39 src/uart.o
 .ARM.attributes
                0x00000257       0x21 startup/startup_stm32f401xx.o
 .ARM.attributes
                0x00000278       0x39 C:\work\workspace_stm\nucleo-f401re_stdperiph_lib\Debug\libnucleo-f401re_stdperiph_lib.a(misc.o)
 .ARM.attributes
                0x000002b1       0x39 C:\work\workspace_stm\nucleo-f401re_stdperiph_lib\Debug\libnucleo-f401re_stdperiph_lib.a(stm32f4xx_adc.o)
 .ARM.attributes
                0x000002ea       0x39 C:\work\workspace_stm\nucleo-f401re_stdperiph_lib\Debug\libnucleo-f401re_stdperiph_lib.a(stm32f4xx_dma.o)
 .ARM.attributes
                0x00000323       0x39 C:\work\workspace_stm\nucleo-f401re_stdperiph_lib\Debug\libnucleo-f401re_stdperiph_lib.a(stm32f4xx_gpio.o)
 .ARM.attributes
                0x0000035c       0x39 C:\work\workspace_stm\nucleo-f401re_stdperiph_lib\Debug\libnucleo-f401re_stdperiph_lib.a(stm32f4xx_i2c.o)
 .ARM.attributes
                0x00000395       0x39 C:\work\workspace_stm\nucleo-f401re_stdperiph_lib\Debug\libnucleo-f401re_stdperiph_lib.a(stm32f4xx_rcc.o)
 .ARM.attributes
                0x000003ce       0x39 C:\work\workspace_stm\nucleo-f401re_stdperiph_lib\Debug\libnucleo-f401re_stdperiph_lib.a(stm32f4xx_tim.o)
 .ARM.attributes
                0x00000407       0x39 C:\work\workspace_stm\nucleo-f401re_stdperiph_lib\Debug\libnucleo-f401re_stdperiph_lib.a(stm32f4xx_usart.o)
 .ARM.attributes
                0x00000440       0x34 c:/ac6/systemworkbench/plugins/fr.ac6.mcu.externaltools.arm-none.win32_1.17.0.201812190825/tools/compiler/bin/../lib/gcc/arm-none-eabi/7.3.1/../../../../arm-none-eabi/lib/thumb/v7e-m/fpv4-sp/hard\libc.a(lib_a-impure.o)
 .ARM.attributes
                0x00000474       0x34 c:/ac6/systemworkbench/plugins/fr.ac6.mcu.externaltools.arm-none.win32_1.17.0.201812190825/tools/compiler/bin/../lib/gcc/arm-none-eabi/7.3.1/../../../../arm-none-eabi/lib/thumb/v7e-m/fpv4-sp/hard\libc.a(lib_a-init.o)
 .ARM.attributes
                0x000004a8       0x34 c:/ac6/systemworkbench/plugins/fr.ac6.mcu.externaltools.arm-none.win32_1.17.0.201812190825/tools/compiler/bin/../lib/gcc/arm-none-eabi/7.3.1/../../../../arm-none-eabi/lib/thumb/v7e-m/fpv4-sp/hard\libc.a(lib_a-memset.o)
 .ARM.attributes
                0x000004dc       0x34 c:/ac6/systemworkbench/plugins/fr.ac6.mcu.externaltools.arm-none.win32_1.17.0.201812190825/tools/compiler/bin/../lib/gcc/arm-none-eabi/7.3.1/../../../../arm-none-eabi/lib/thumb/v7e-m/fpv4-sp/hard\libc.a(lib_a-__call_atexit.o)
 .ARM.attributes
                0x00000510       0x34 c:/ac6/systemworkbench/plugins/fr.ac6.mcu.externaltools.arm-none.win32_1.17.0.201812190825/tools/compiler/bin/../lib/gcc/arm-none-eabi/7.3.1/../../../../arm-none-eabi/lib/thumb/v7e-m/fpv4-sp/hard\libc.a(lib_a-atexit.o)
 .ARM.attributes
                0x00000544       0x34 c:/ac6/systemworkbench/plugins/fr.ac6.mcu.externaltools.arm-none.win32_1.17.0.201812190825/tools/compiler/bin/../lib/gcc/arm-none-eabi/7.3.1/../../../../arm-none-eabi/lib/thumb/v7e-m/fpv4-sp/hard\libc.a(lib_a-fini.o)
 .ARM.attributes
                0x00000578       0x34 c:/ac6/systemworkbench/plugins/fr.ac6.mcu.externaltools.arm-none.win32_1.17.0.201812190825/tools/compiler/bin/../lib/gcc/arm-none-eabi/7.3.1/../../../../arm-none-eabi/lib/thumb/v7e-m/fpv4-sp/hard\libc.a(lib_a-lock.o)
 .ARM.attributes
                0x000005ac       0x34 c:/ac6/systemworkbench/plugins/fr.ac6.mcu.externaltools.arm-none.win32_1.17.0.201812190825/tools/compiler/bin/../lib/gcc/arm-none-eabi/7.3.1/../../../../arm-none-eabi/lib/thumb/v7e-m/fpv4-sp/hard\libc.a(lib_a-__atexit.o)
 .ARM.attributes
                0x000005e0       0x22 c:/ac6/systemworkbench/plugins/fr.ac6.mcu.externaltools.arm-none.win32_1.17.0.201812190825/tools/compiler/bin/../lib/gcc/arm-none-eabi/7.3.1/thumb/v7e-m/fpv4-sp/hard/crtn.o
OUTPUT(nucleo_i2c.elf elf32-littlearm)

.debug_info     0x00000000     0xa31c
 .debug_info    0x00000000      0xab7 src/adc.o
 .debug_info    0x00000ab7      0x6bc src/fv_i2c.o
 .debug_info    0x00001173      0x46c src/led_matrix.o
 .debug_info    0x000015df      0x4b9 src/main.o
 .debug_info    0x00001a98      0xd36 src/mcp23017.o
 .debug_info    0x000027ce      0x612 src/system_stm32f4xx.o
 .debug_info    0x00002de0      0x85c src/test.o
 .debug_info    0x0000363c      0x74a src/timer.o
 .debug_info    0x00003d86      0x722 src/uart.o
 .debug_info    0x000044a8       0x22 startup/startup_stm32f401xx.o
 .debug_info    0x000044ca      0x54b C:\work\workspace_stm\nucleo-f401re_stdperiph_lib\Debug\libnucleo-f401re_stdperiph_lib.a(misc.o)
 .debug_info    0x00004a15      0xc4e C:\work\workspace_stm\nucleo-f401re_stdperiph_lib\Debug\libnucleo-f401re_stdperiph_lib.a(stm32f4xx_adc.o)
 .debug_info    0x00005663      0x74b C:\work\workspace_stm\nucleo-f401re_stdperiph_lib\Debug\libnucleo-f401re_stdperiph_lib.a(stm32f4xx_dma.o)
 .debug_info    0x00005dae      0x62b C:\work\workspace_stm\nucleo-f401re_stdperiph_lib\Debug\libnucleo-f401re_stdperiph_lib.a(stm32f4xx_gpio.o)
 .debug_info    0x000063d9      0xb9e C:\work\workspace_stm\nucleo-f401re_stdperiph_lib\Debug\libnucleo-f401re_stdperiph_lib.a(stm32f4xx_i2c.o)
 .debug_info    0x00006f77      0xd5e C:\work\workspace_stm\nucleo-f401re_stdperiph_lib\Debug\libnucleo-f401re_stdperiph_lib.a(stm32f4xx_rcc.o)
 .debug_info    0x00007cd5     0x1c73 C:\work\workspace_stm\nucleo-f401re_stdperiph_lib\Debug\libnucleo-f401re_stdperiph_lib.a(stm32f4xx_tim.o)
 .debug_info    0x00009948      0x9d4 C:\work\workspace_stm\nucleo-f401re_stdperiph_lib\Debug\libnucleo-f401re_stdperiph_lib.a(stm32f4xx_usart.o)

.debug_abbrev   0x00000000     0x1d68
 .debug_abbrev  0x00000000      0x23f src/adc.o
 .debug_abbrev  0x0000023f      0x1a6 src/fv_i2c.o
 .debug_abbrev  0x000003e5      0x19c src/led_matrix.o
 .debug_abbrev  0x00000581      0x1e1 src/main.o
 .debug_abbrev  0x00000762      0x23c src/mcp23017.o
 .debug_abbrev  0x0000099e      0x15d src/system_stm32f4xx.o
 .debug_abbrev  0x00000afb      0x1c2 src/test.o
 .debug_abbrev  0x00000cbd      0x1d1 src/timer.o
 .debug_abbrev  0x00000e8e      0x1e5 src/uart.o
 .debug_abbrev  0x00001073       0x12 startup/startup_stm32f401xx.o
 .debug_abbrev  0x00001085      0x177 C:\work\workspace_stm\nucleo-f401re_stdperiph_lib\Debug\libnucleo-f401re_stdperiph_lib.a(misc.o)
 .debug_abbrev  0x000011fc      0x1b0 C:\work\workspace_stm\nucleo-f401re_stdperiph_lib\Debug\libnucleo-f401re_stdperiph_lib.a(stm32f4xx_adc.o)
 .debug_abbrev  0x000013ac      0x16d C:\work\workspace_stm\nucleo-f401re_stdperiph_lib\Debug\libnucleo-f401re_stdperiph_lib.a(stm32f4xx_dma.o)
 .debug_abbrev  0x00001519      0x1bf C:\work\workspace_stm\nucleo-f401re_stdperiph_lib\Debug\libnucleo-f401re_stdperiph_lib.a(stm32f4xx_gpio.o)
 .debug_abbrev  0x000016d8      0x196 C:\work\workspace_stm\nucleo-f401re_stdperiph_lib\Debug\libnucleo-f401re_stdperiph_lib.a(stm32f4xx_i2c.o)
 .debug_abbrev  0x0000186e      0x1d4 C:\work\workspace_stm\nucleo-f401re_stdperiph_lib\Debug\libnucleo-f401re_stdperiph_lib.a(stm32f4xx_rcc.o)
 .debug_abbrev  0x00001a42      0x19f C:\work\workspace_stm\nucleo-f401re_stdperiph_lib\Debug\libnucleo-f401re_stdperiph_lib.a(stm32f4xx_tim.o)
 .debug_abbrev  0x00001be1      0x187 C:\work\workspace_stm\nucleo-f401re_stdperiph_lib\Debug\libnucleo-f401re_stdperiph_lib.a(stm32f4xx_usart.o)

.debug_aranges  0x00000000      0xc00
 .debug_aranges
                0x00000000       0x58 src/adc.o
 .debug_aranges
                0x00000058       0x50 src/fv_i2c.o
 .debug_aranges
                0x000000a8       0x50 src/led_matrix.o
 .debug_aranges
                0x000000f8       0x30 src/main.o
 .debug_aranges
                0x00000128       0x38 src/mcp23017.o
 .debug_aranges
                0x00000160       0x30 src/system_stm32f4xx.o
 .debug_aranges
                0x00000190       0x38 src/test.o
 .debug_aranges
                0x000001c8       0x50 src/timer.o
 .debug_aranges
                0x00000218       0x40 src/uart.o
 .debug_aranges
                0x00000258       0x28 startup/startup_stm32f401xx.o
 .debug_aranges
                0x00000280       0x40 C:\work\workspace_stm\nucleo-f401re_stdperiph_lib\Debug\libnucleo-f401re_stdperiph_lib.a(misc.o)
 .debug_aranges
                0x000002c0      0x148 C:\work\workspace_stm\nucleo-f401re_stdperiph_lib\Debug\libnucleo-f401re_stdperiph_lib.a(stm32f4xx_adc.o)
 .debug_aranges
                0x00000408       0xb0 C:\work\workspace_stm\nucleo-f401re_stdperiph_lib\Debug\libnucleo-f401re_stdperiph_lib.a(stm32f4xx_dma.o)
 .debug_aranges
                0x000004b8       0x88 C:\work\workspace_stm\nucleo-f401re_stdperiph_lib\Debug\libnucleo-f401re_stdperiph_lib.a(stm32f4xx_gpio.o)
 .debug_aranges
                0x00000540      0x130 C:\work\workspace_stm\nucleo-f401re_stdperiph_lib\Debug\libnucleo-f401re_stdperiph_lib.a(stm32f4xx_i2c.o)
 .debug_aranges
                0x00000670      0x198 C:\work\workspace_stm\nucleo-f401re_stdperiph_lib\Debug\libnucleo-f401re_stdperiph_lib.a(stm32f4xx_rcc.o)
 .debug_aranges
                0x00000808      0x2f8 C:\work\workspace_stm\nucleo-f401re_stdperiph_lib\Debug\libnucleo-f401re_stdperiph_lib.a(stm32f4xx_tim.o)
 .debug_aranges
                0x00000b00      0x100 C:\work\workspace_stm\nucleo-f401re_stdperiph_lib\Debug\libnucleo-f401re_stdperiph_lib.a(stm32f4xx_usart.o)

.debug_ranges   0x00000000      0xae8
 .debug_ranges  0x00000000       0x48 src/adc.o
 .debug_ranges  0x00000048       0x40 src/fv_i2c.o
 .debug_ranges  0x00000088       0x40 src/led_matrix.o
 .debug_ranges  0x000000c8       0x20 src/main.o
 .debug_ranges  0x000000e8       0x28 src/mcp23017.o
 .debug_ranges  0x00000110       0x20 src/system_stm32f4xx.o
 .debug_ranges  0x00000130       0x28 src/test.o
 .debug_ranges  0x00000158       0x40 src/timer.o
 .debug_ranges  0x00000198       0x30 src/uart.o
 .debug_ranges  0x000001c8       0x20 startup/startup_stm32f401xx.o
 .debug_ranges  0x000001e8       0x30 C:\work\workspace_stm\nucleo-f401re_stdperiph_lib\Debug\libnucleo-f401re_stdperiph_lib.a(misc.o)
 .debug_ranges  0x00000218      0x138 C:\work\workspace_stm\nucleo-f401re_stdperiph_lib\Debug\libnucleo-f401re_stdperiph_lib.a(stm32f4xx_adc.o)
 .debug_ranges  0x00000350       0xa0 C:\work\workspace_stm\nucleo-f401re_stdperiph_lib\Debug\libnucleo-f401re_stdperiph_lib.a(stm32f4xx_dma.o)
 .debug_ranges  0x000003f0       0x78 C:\work\workspace_stm\nucleo-f401re_stdperiph_lib\Debug\libnucleo-f401re_stdperiph_lib.a(stm32f4xx_gpio.o)
 .debug_ranges  0x00000468      0x120 C:\work\workspace_stm\nucleo-f401re_stdperiph_lib\Debug\libnucleo-f401re_stdperiph_lib.a(stm32f4xx_i2c.o)
 .debug_ranges  0x00000588      0x188 C:\work\workspace_stm\nucleo-f401re_stdperiph_lib\Debug\libnucleo-f401re_stdperiph_lib.a(stm32f4xx_rcc.o)
 .debug_ranges  0x00000710      0x2e8 C:\work\workspace_stm\nucleo-f401re_stdperiph_lib\Debug\libnucleo-f401re_stdperiph_lib.a(stm32f4xx_tim.o)
 .debug_ranges  0x000009f8       0xf0 C:\work\workspace_stm\nucleo-f401re_stdperiph_lib\Debug\libnucleo-f401re_stdperiph_lib.a(stm32f4xx_usart.o)

.debug_macro    0x00000000    0x11931
 .debug_macro   0x00000000      0x190 src/adc.o
 .debug_macro   0x00000190      0xa72 src/adc.o
 .debug_macro   0x00000c02       0x65 src/adc.o
 .debug_macro   0x00000c67       0x3b src/adc.o
 .debug_macro   0x00000ca2       0x22 src/adc.o
 .debug_macro   0x00000cc4       0x8e src/adc.o
 .debug_macro   0x00000d52       0x51 src/adc.o
 .debug_macro   0x00000da3       0xef src/adc.o
 .debug_macro   0x00000e92       0x6a src/adc.o
 .debug_macro   0x00000efc      0x1df src/adc.o
 .debug_macro   0x000010db       0x34 src/adc.o
 .debug_macro   0x0000110f       0x26 src/adc.o
 .debug_macro   0x00001135      0xe43 src/adc.o
 .debug_macro   0x00001f78     0x7fd9 src/adc.o
 .debug_macro   0x00009f51      0x44f src/adc.o
 .debug_macro   0x0000a3a0       0xb2 src/adc.o
 .debug_macro   0x0000a452      0x477 src/adc.o
 .debug_macro   0x0000a8c9       0xb5 src/adc.o
 .debug_macro   0x0000a97e      0x41c src/adc.o
 .debug_macro   0x0000ad9a      0x2f4 src/adc.o
 .debug_macro   0x0000b08e      0x2ba src/adc.o
 .debug_macro   0x0000b348       0x64 src/adc.o
 .debug_macro   0x0000b3ac       0xee src/adc.o
 .debug_macro   0x0000b49a      0x64a src/adc.o
 .debug_macro   0x0000bae4      0x59e src/adc.o
 .debug_macro   0x0000c082      0x342 src/adc.o
 .debug_macro   0x0000c3c4      0x36c src/adc.o
 .debug_macro   0x0000c730      0x10d src/adc.o
 .debug_macro   0x0000c83d      0x73b src/adc.o
 .debug_macro   0x0000cf78      0x223 src/adc.o
 .debug_macro   0x0000d19b       0x34 src/adc.o
 .debug_macro   0x0000d1cf       0x82 src/adc.o
 .debug_macro   0x0000d251       0x35 src/adc.o
 .debug_macro   0x0000d286      0x1a8 src/fv_i2c.o
 .debug_macro   0x0000d42e       0x16 src/fv_i2c.o
 .debug_macro   0x0000d444      0x2b4 src/fv_i2c.o
 .debug_macro   0x0000d6f8       0x77 src/led_matrix.o
 .debug_macro   0x0000d76f      0x1d6 src/main.o
 .debug_macro   0x0000d945      0x155 src/mcp23017.o
 .debug_macro   0x0000da9a       0x5e src/mcp23017.o
 .debug_macro   0x0000daf8       0x18 src/mcp23017.o
 .debug_macro   0x0000db10       0x35 src/mcp23017.o
 .debug_macro   0x0000db45       0x34 src/mcp23017.o
 .debug_macro   0x0000db79      0x174 src/mcp23017.o
 .debug_macro   0x0000dced       0x58 src/mcp23017.o
 .debug_macro   0x0000dd45       0x1f src/mcp23017.o
 .debug_macro   0x0000dd64       0x43 src/mcp23017.o
 .debug_macro   0x0000dda7       0x20 src/mcp23017.o
 .debug_macro   0x0000ddc7      0x18e src/mcp23017.o
 .debug_macro   0x0000df55      0x330 src/mcp23017.o
 .debug_macro   0x0000e285       0x10 src/mcp23017.o
 .debug_macro   0x0000e295       0x35 src/mcp23017.o
 .debug_macro   0x0000e2ca       0x1c src/mcp23017.o
 .debug_macro   0x0000e2e6      0x19c src/system_stm32f4xx.o
 .debug_macro   0x0000e482      0x190 src/test.o
 .debug_macro   0x0000e612      0x2ee src/test.o
 .debug_macro   0x0000e900      0x18c src/timer.o
 .debug_macro   0x0000ea8c      0x735 src/timer.o
 .debug_macro   0x0000f1c1      0x18b src/uart.o
 .debug_macro   0x0000f34c      0x21d src/uart.o
 .debug_macro   0x0000f569       0x10 src/uart.o
 .debug_macro   0x0000f579      0x188 C:\work\workspace_stm\nucleo-f401re_stdperiph_lib\Debug\libnucleo-f401re_stdperiph_lib.a(misc.o)
 .debug_macro   0x0000f701      0xa5a C:\work\workspace_stm\nucleo-f401re_stdperiph_lib\Debug\libnucleo-f401re_stdperiph_lib.a(misc.o)
 .debug_macro   0x0001015b       0x7c C:\work\workspace_stm\nucleo-f401re_stdperiph_lib\Debug\libnucleo-f401re_stdperiph_lib.a(misc.o)
 .debug_macro   0x000101d7      0x20a C:\work\workspace_stm\nucleo-f401re_stdperiph_lib\Debug\libnucleo-f401re_stdperiph_lib.a(stm32f4xx_adc.o)
 .debug_macro   0x000103e1      0x1da C:\work\workspace_stm\nucleo-f401re_stdperiph_lib\Debug\libnucleo-f401re_stdperiph_lib.a(stm32f4xx_dma.o)
 .debug_macro   0x000105bb      0x471 C:\work\workspace_stm\nucleo-f401re_stdperiph_lib\Debug\libnucleo-f401re_stdperiph_lib.a(stm32f4xx_dma.o)
 .debug_macro   0x00010a2c      0x186 C:\work\workspace_stm\nucleo-f401re_stdperiph_lib\Debug\libnucleo-f401re_stdperiph_lib.a(stm32f4xx_gpio.o)
 .debug_macro   0x00010bb2      0x198 C:\work\workspace_stm\nucleo-f401re_stdperiph_lib\Debug\libnucleo-f401re_stdperiph_lib.a(stm32f4xx_i2c.o)
 .debug_macro   0x00010d4a      0x255 C:\work\workspace_stm\nucleo-f401re_stdperiph_lib\Debug\libnucleo-f401re_stdperiph_lib.a(stm32f4xx_rcc.o)
 .debug_macro   0x00010f9f      0x644 C:\work\workspace_stm\nucleo-f401re_stdperiph_lib\Debug\libnucleo-f401re_stdperiph_lib.a(stm32f4xx_rcc.o)
 .debug_macro   0x000115e3      0x1b0 C:\work\workspace_stm\nucleo-f401re_stdperiph_lib\Debug\libnucleo-f401re_stdperiph_lib.a(stm32f4xx_tim.o)
 .debug_macro   0x00011793      0x19e C:\work\workspace_stm\nucleo-f401re_stdperiph_lib\Debug\libnucleo-f401re_stdperiph_lib.a(stm32f4xx_usart.o)

.debug_line     0x00000000     0x7af6
 .debug_line    0x00000000      0x69f src/adc.o
 .debug_line    0x0000069f      0x6b7 src/fv_i2c.o
 .debug_line    0x00000d56      0x436 src/led_matrix.o
 .debug_line    0x0000118c      0x631 src/main.o
 .debug_line    0x000017bd      0x3fd src/mcp23017.o
 .debug_line    0x00001bba      0x5fb src/system_stm32f4xx.o
 .debug_line    0x000021b5      0x5ec src/test.o
 .debug_line    0x000027a1      0x638 src/timer.o
 .debug_line    0x00002dd9      0x627 src/uart.o
 .debug_line    0x00003400       0x7d startup/startup_stm32f401xx.o
 .debug_line    0x0000347d      0x5e2 C:\work\workspace_stm\nucleo-f401re_stdperiph_lib\Debug\libnucleo-f401re_stdperiph_lib.a(misc.o)
 .debug_line    0x00003a5f      0x8f6 C:\work\workspace_stm\nucleo-f401re_stdperiph_lib\Debug\libnucleo-f401re_stdperiph_lib.a(stm32f4xx_adc.o)
 .debug_line    0x00004355      0x7c3 C:\work\workspace_stm\nucleo-f401re_stdperiph_lib\Debug\libnucleo-f401re_stdperiph_lib.a(stm32f4xx_dma.o)
 .debug_line    0x00004b18      0x708 C:\work\workspace_stm\nucleo-f401re_stdperiph_lib\Debug\libnucleo-f401re_stdperiph_lib.a(stm32f4xx_gpio.o)
 .debug_line    0x00005220      0x89c C:\work\workspace_stm\nucleo-f401re_stdperiph_lib\Debug\libnucleo-f401re_stdperiph_lib.a(stm32f4xx_i2c.o)
 .debug_line    0x00005abc      0x992 C:\work\workspace_stm\nucleo-f401re_stdperiph_lib\Debug\libnucleo-f401re_stdperiph_lib.a(stm32f4xx_rcc.o)
 .debug_line    0x0000644e      0xe5a C:\work\workspace_stm\nucleo-f401re_stdperiph_lib\Debug\libnucleo-f401re_stdperiph_lib.a(stm32f4xx_tim.o)
 .debug_line    0x000072a8      0x84e C:\work\workspace_stm\nucleo-f401re_stdperiph_lib\Debug\libnucleo-f401re_stdperiph_lib.a(stm32f4xx_usart.o)

.debug_str      0x00000000    0x5a51c
 .debug_str     0x00000000    0x539dd src/adc.o
                              0x53be7 (size before relaxing)
 .debug_str     0x000539dd      0x2a6 src/fv_i2c.o
                              0x53669 (size before relaxing)
 .debug_str     0x00053c83      0x338 src/led_matrix.o
                               0x3f48 (size before relaxing)
 .debug_str     0x00053fbb      0x10b src/main.o
                              0x534bc (size before relaxing)
 .debug_str     0x000540c6     0x3013 src/mcp23017.o
                               0x6da1 (size before relaxing)
 .debug_str     0x000570d9      0x20c src/system_stm32f4xx.o
                              0x53440 (size before relaxing)
 .debug_str     0x000572e5       0xc8 src/test.o
                              0x538a1 (size before relaxing)
 .debug_str     0x000573ad      0x151 src/timer.o
                              0x5383b (size before relaxing)
 .debug_str     0x000574fe      0x11a src/uart.o
                              0x5395c (size before relaxing)
 .debug_str     0x00057618       0x2f startup/startup_stm32f401xx.o
                                 0x56 (size before relaxing)
 .debug_str     0x00057647      0x156 C:\work\workspace_stm\nucleo-f401re_stdperiph_lib\Debug\libnucleo-f401re_stdperiph_lib.a(misc.o)
                              0x53424 (size before relaxing)
 .debug_str     0x0005779d      0x7ca C:\work\workspace_stm\nucleo-f401re_stdperiph_lib\Debug\libnucleo-f401re_stdperiph_lib.a(stm32f4xx_adc.o)
                              0x53b13 (size before relaxing)
 .debug_str     0x00057f67      0x55c C:\work\workspace_stm\nucleo-f401re_stdperiph_lib\Debug\libnucleo-f401re_stdperiph_lib.a(stm32f4xx_dma.o)
                              0x5388a (size before relaxing)
 .debug_str     0x000584c3      0x172 C:\work\workspace_stm\nucleo-f401re_stdperiph_lib\Debug\libnucleo-f401re_stdperiph_lib.a(stm32f4xx_gpio.o)
                              0x534cc (size before relaxing)
 .debug_str     0x00058635      0x3db C:\work\workspace_stm\nucleo-f401re_stdperiph_lib\Debug\libnucleo-f401re_stdperiph_lib.a(stm32f4xx_i2c.o)
                              0x53742 (size before relaxing)
 .debug_str     0x00058a10      0xb33 C:\work\workspace_stm\nucleo-f401re_stdperiph_lib\Debug\libnucleo-f401re_stdperiph_lib.a(stm32f4xx_rcc.o)
                              0x53f23 (size before relaxing)
 .debug_str     0x00059543      0xb2c C:\work\workspace_stm\nucleo-f401re_stdperiph_lib\Debug\libnucleo-f401re_stdperiph_lib.a(stm32f4xx_tim.o)
                              0x53ec3 (size before relaxing)
 .debug_str     0x0005a06f      0x4ad C:\work\workspace_stm\nucleo-f401re_stdperiph_lib\Debug\libnucleo-f401re_stdperiph_lib.a(stm32f4xx_usart.o)
                              0x537df (size before relaxing)

.comment        0x00000000       0x7f
 .comment       0x00000000       0x7f src/adc.o
                                 0x80 (size before relaxing)
 .comment       0x0000007f       0x80 src/fv_i2c.o
 .comment       0x0000007f       0x80 src/led_matrix.o
 .comment       0x0000007f       0x80 src/main.o
 .comment       0x0000007f       0x80 src/mcp23017.o
 .comment       0x0000007f       0x80 src/system_stm32f4xx.o
 .comment       0x0000007f       0x80 src/test.o
 .comment       0x0000007f       0x80 src/timer.o
 .comment       0x0000007f       0x80 src/uart.o
 .comment       0x0000007f       0x80 C:\work\workspace_stm\nucleo-f401re_stdperiph_lib\Debug\libnucleo-f401re_stdperiph_lib.a(misc.o)
 .comment       0x0000007f       0x80 C:\work\workspace_stm\nucleo-f401re_stdperiph_lib\Debug\libnucleo-f401re_stdperiph_lib.a(stm32f4xx_adc.o)
 .comment       0x0000007f       0x80 C:\work\workspace_stm\nucleo-f401re_stdperiph_lib\Debug\libnucleo-f401re_stdperiph_lib.a(stm32f4xx_dma.o)
 .comment       0x0000007f       0x80 C:\work\workspace_stm\nucleo-f401re_stdperiph_lib\Debug\libnucleo-f401re_stdperiph_lib.a(stm32f4xx_gpio.o)
 .comment       0x0000007f       0x80 C:\work\workspace_stm\nucleo-f401re_stdperiph_lib\Debug\libnucleo-f401re_stdperiph_lib.a(stm32f4xx_i2c.o)
 .comment       0x0000007f       0x80 C:\work\workspace_stm\nucleo-f401re_stdperiph_lib\Debug\libnucleo-f401re_stdperiph_lib.a(stm32f4xx_rcc.o)
 .comment       0x0000007f       0x80 C:\work\workspace_stm\nucleo-f401re_stdperiph_lib\Debug\libnucleo-f401re_stdperiph_lib.a(stm32f4xx_tim.o)
 .comment       0x0000007f       0x80 C:\work\workspace_stm\nucleo-f401re_stdperiph_lib\Debug\libnucleo-f401re_stdperiph_lib.a(stm32f4xx_usart.o)

.debug_frame    0x00000000     0x3510
 .debug_frame   0x00000000      0x120 src/adc.o
 .debug_frame   0x00000120      0x114 src/fv_i2c.o
 .debug_frame   0x00000234      0x110 src/led_matrix.o
 .debug_frame   0x00000344       0x78 src/main.o
 .debug_frame   0x000003bc       0xa0 src/mcp23017.o
 .debug_frame   0x0000045c       0x7c src/system_stm32f4xx.o
 .debug_frame   0x000004d8       0xa4 src/test.o
 .debug_frame   0x0000057c      0x100 src/timer.o
 .debug_frame   0x0000067c       0xbc src/uart.o
 .debug_frame   0x00000738       0xd8 C:\work\workspace_stm\nucleo-f401re_stdperiph_lib\Debug\libnucleo-f401re_stdperiph_lib.a(misc.o)
 .debug_frame   0x00000810      0x5ec C:\work\workspace_stm\nucleo-f401re_stdperiph_lib\Debug\libnucleo-f401re_stdperiph_lib.a(stm32f4xx_adc.o)
 .debug_frame   0x00000dfc      0x308 C:\work\workspace_stm\nucleo-f401re_stdperiph_lib\Debug\libnucleo-f401re_stdperiph_lib.a(stm32f4xx_dma.o)
 .debug_frame   0x00001104      0x23c C:\work\workspace_stm\nucleo-f401re_stdperiph_lib\Debug\libnucleo-f401re_stdperiph_lib.a(stm32f4xx_gpio.o)
 .debug_frame   0x00001340      0x580 C:\work\workspace_stm\nucleo-f401re_stdperiph_lib\Debug\libnucleo-f401re_stdperiph_lib.a(stm32f4xx_i2c.o)
 .debug_frame   0x000018c0      0x774 C:\work\workspace_stm\nucleo-f401re_stdperiph_lib\Debug\libnucleo-f401re_stdperiph_lib.a(stm32f4xx_rcc.o)
 .debug_frame   0x00002034      0xe54 C:\work\workspace_stm\nucleo-f401re_stdperiph_lib\Debug\libnucleo-f401re_stdperiph_lib.a(stm32f4xx_tim.o)
 .debug_frame   0x00002e88      0x490 C:\work\workspace_stm\nucleo-f401re_stdperiph_lib\Debug\libnucleo-f401re_stdperiph_lib.a(stm32f4xx_usart.o)
 .debug_frame   0x00003318       0x2c c:/ac6/systemworkbench/plugins/fr.ac6.mcu.externaltools.arm-none.win32_1.17.0.201812190825/tools/compiler/bin/../lib/gcc/arm-none-eabi/7.3.1/../../../../arm-none-eabi/lib/thumb/v7e-m/fpv4-sp/hard\libc.a(lib_a-init.o)
 .debug_frame   0x00003344       0x38 c:/ac6/systemworkbench/plugins/fr.ac6.mcu.externaltools.arm-none.win32_1.17.0.201812190825/tools/compiler/bin/../lib/gcc/arm-none-eabi/7.3.1/../../../../arm-none-eabi/lib/thumb/v7e-m/fpv4-sp/hard\libc.a(lib_a-memset.o)
 .debug_frame   0x0000337c       0x5c c:/ac6/systemworkbench/plugins/fr.ac6.mcu.externaltools.arm-none.win32_1.17.0.201812190825/tools/compiler/bin/../lib/gcc/arm-none-eabi/7.3.1/../../../../arm-none-eabi/lib/thumb/v7e-m/fpv4-sp/hard\libc.a(lib_a-__call_atexit.o)
 .debug_frame   0x000033d8       0x20 c:/ac6/systemworkbench/plugins/fr.ac6.mcu.externaltools.arm-none.win32_1.17.0.201812190825/tools/compiler/bin/../lib/gcc/arm-none-eabi/7.3.1/../../../../arm-none-eabi/lib/thumb/v7e-m/fpv4-sp/hard\libc.a(lib_a-atexit.o)
 .debug_frame   0x000033f8       0x34 c:/ac6/systemworkbench/plugins/fr.ac6.mcu.externaltools.arm-none.win32_1.17.0.201812190825/tools/compiler/bin/../lib/gcc/arm-none-eabi/7.3.1/../../../../arm-none-eabi/lib/thumb/v7e-m/fpv4-sp/hard\libc.a(lib_a-fini.o)
 .debug_frame   0x0000342c       0xb0 c:/ac6/systemworkbench/plugins/fr.ac6.mcu.externaltools.arm-none.win32_1.17.0.201812190825/tools/compiler/bin/../lib/gcc/arm-none-eabi/7.3.1/../../../../arm-none-eabi/lib/thumb/v7e-m/fpv4-sp/hard\libc.a(lib_a-lock.o)
 .debug_frame   0x000034dc       0x34 c:/ac6/systemworkbench/plugins/fr.ac6.mcu.externaltools.arm-none.win32_1.17.0.201812190825/tools/compiler/bin/../lib/gcc/arm-none-eabi/7.3.1/../../../../arm-none-eabi/lib/thumb/v7e-m/fpv4-sp/hard\libc.a(lib_a-__atexit.o)
